Archive member included to satisfy reference by file (symbol)

../DaisyExamples/libDaisy//build/libdaisy.a(daisy_patch_sm.o)
                              build/FDN_stereo.o (daisy::patch_sm::DaisyPatchSM::Init())
../DaisyExamples/libDaisy//build/libdaisy.a(codec_pcm3060.o)
                              ../DaisyExamples/libDaisy//build/libdaisy.a(daisy_patch_sm.o) (daisy::Pcm3060::Init(daisy::I2CHandle))
../DaisyExamples/libDaisy//build/libdaisy.a(sdram.o)
                              ../DaisyExamples/libDaisy//build/libdaisy.a(daisy_patch_sm.o) (SdramHandle::Init())
../DaisyExamples/libDaisy//build/libdaisy.a(audio.o)
                              ../DaisyExamples/libDaisy//build/libdaisy.a(daisy_patch_sm.o) (daisy::AudioHandle::Init(daisy::AudioHandle::Config const&, daisy::SaiHandle))
../DaisyExamples/libDaisy//build/libdaisy.a(ctrl.o)
                              ../DaisyExamples/libDaisy//build/libdaisy.a(daisy_patch_sm.o) (daisy::AnalogControl::Init(unsigned short*, float, bool, bool, float))
../DaisyExamples/libDaisy//build/libdaisy.a(gatein.o)
                              ../DaisyExamples/libDaisy//build/libdaisy.a(daisy_patch_sm.o) (daisy::GateIn::Init(daisy::Pin, bool))
../DaisyExamples/libDaisy//build/libdaisy.a(adc.o)
                              ../DaisyExamples/libDaisy//build/libdaisy.a(daisy_patch_sm.o) (daisy::AdcChannelConfig::InitSingle(dsy_gpio_pin, daisy::AdcChannelConfig::ConversionSpeed))
../DaisyExamples/libDaisy//build/libdaisy.a(dac.o)
                              ../DaisyExamples/libDaisy//build/libdaisy.a(daisy_patch_sm.o) (daisy::DacHandle::Init(daisy::DacHandle::Config const&))
../DaisyExamples/libDaisy//build/libdaisy.a(gpio.o)
                              ../DaisyExamples/libDaisy//build/libdaisy.a(gatein.o) (daisy::GPIO::Init(daisy::Pin, daisy::GPIO::Mode, daisy::GPIO::Pull, daisy::GPIO::Speed))
../DaisyExamples/libDaisy//build/libdaisy.a(i2c.o)
                              ../DaisyExamples/libDaisy//build/libdaisy.a(daisy_patch_sm.o) (daisy::I2CHandle::Init(daisy::I2CHandle::Config const&))
../DaisyExamples/libDaisy//build/libdaisy.a(qspi.o)
                              ../DaisyExamples/libDaisy//build/libdaisy.a(daisy_patch_sm.o) (daisy::QSPIHandle::Init(daisy::QSPIHandle::Config const&))
../DaisyExamples/libDaisy//build/libdaisy.a(sai.o)
                              ../DaisyExamples/libDaisy//build/libdaisy.a(daisy_patch_sm.o) (daisy::SaiHandle::Init(daisy::SaiHandle::Config const&))
../DaisyExamples/libDaisy//build/libdaisy.a(system.o)
                              ../DaisyExamples/libDaisy//build/libdaisy.a(codec_pcm3060.o) (daisy::System::Delay(unsigned long))
../DaisyExamples/libDaisy//build/libdaisy.a(system_stm32h7xx.o)
                              build/startup_stm32h750xx.o (SystemInit)
../DaisyExamples/libDaisy//build/libdaisy.a(usbd_conf.o)
                              ../DaisyExamples/libDaisy//build/libdaisy.a(system.o) (hpcd_USB_OTG_HS)
../DaisyExamples/libDaisy//build/libdaisy.a(usbh_conf.o)
                              ../DaisyExamples/libDaisy//build/libdaisy.a(system.o) (hhcd_USB_OTG_HS)
../DaisyExamples/libDaisy//build/libdaisy.a(hal_map.o)
                              ../DaisyExamples/libDaisy//build/libdaisy.a(gpio.o) (dsy_hal_map_get_port)
../DaisyExamples/libDaisy//build/libdaisy.a(stm32h7xx_hal.o)
                              ../DaisyExamples/libDaisy//build/libdaisy.a(system.o) (HAL_Init)
../DaisyExamples/libDaisy//build/libdaisy.a(stm32h7xx_hal_adc.o)
                              ../DaisyExamples/libDaisy//build/libdaisy.a(adc.o) (HAL_ADC_ConfigChannel)
../DaisyExamples/libDaisy//build/libdaisy.a(stm32h7xx_hal_adc_ex.o)
                              ../DaisyExamples/libDaisy//build/libdaisy.a(adc.o) (HAL_ADCEx_Calibration_Start)
../DaisyExamples/libDaisy//build/libdaisy.a(stm32h7xx_hal_cortex.o)
                              ../DaisyExamples/libDaisy//build/libdaisy.a(stm32h7xx_hal.o) (HAL_NVIC_SetPriorityGrouping)
../DaisyExamples/libDaisy//build/libdaisy.a(stm32h7xx_hal_dac.o)
                              ../DaisyExamples/libDaisy//build/libdaisy.a(dac.o) (HAL_DAC_Init)
../DaisyExamples/libDaisy//build/libdaisy.a(stm32h7xx_hal_dac_ex.o)
                              ../DaisyExamples/libDaisy//build/libdaisy.a(stm32h7xx_hal_dac.o) (HAL_DACEx_DMAUnderrunCallbackCh2)
../DaisyExamples/libDaisy//build/libdaisy.a(stm32h7xx_hal_dma.o)
                              ../DaisyExamples/libDaisy//build/libdaisy.a(adc.o) (HAL_DMA_Init)
../DaisyExamples/libDaisy//build/libdaisy.a(stm32h7xx_hal_gpio.o)
                              ../DaisyExamples/libDaisy//build/libdaisy.a(sdram.o) (HAL_GPIO_Init)
../DaisyExamples/libDaisy//build/libdaisy.a(stm32h7xx_hal_hcd.o)
                              ../DaisyExamples/libDaisy//build/libdaisy.a(usbh_conf.o) (HAL_HCD_HC_Init)
../DaisyExamples/libDaisy//build/libdaisy.a(stm32h7xx_hal_i2c.o)
                              ../DaisyExamples/libDaisy//build/libdaisy.a(i2c.o) (HAL_I2C_Init)
[...]
Memory Configuration

Name             Origin             Length             Attributes
FLASH            0x0000000008000000 0x0000000000020000 xr
DTCMRAM          0x0000000020000000 0x0000000000020000 xrw
SRAM             0x0000000024000000 0x0000000000080000 xrw
RAM_D2           0x0000000030000000 0x0000000000048000 xrw
RAM_D3           0x0000000038000000 0x0000000000010000 xrw
BACKUP_SRAM      0x0000000038800000 0x0000000000001000 xrw
ITCMRAM          0x0000000000000000 0x0000000000010000 xrw
SDRAM            0x00000000c0000000 0x0000000004000000 xrw
QSPIFLASH        0x0000000090000000 0x0000000000800000 xr
*default*        0x0000000000000000 0xffffffffffffffff

Linker script and memory map

LOAD /Library/DaisyToolchain/0.2.0/arm/bin/../lib/gcc/arm-none-eabi/10.3.1/thumb/v7e-m+dp/hard/crti.o
LOAD /Library/DaisyToolchain/0.2.0/arm/bin/../lib/gcc/arm-none-eabi/10.3.1/thumb/v7e-m+dp/hard/crtbegin.o
LOAD /Library/DaisyToolchain/0.2.0/arm/bin/../lib/gcc/arm-none-eabi/10.3.1/../../../../arm-none-eabi/lib/thumb/v7e-m+dp/hard/crt0.o
LOAD build/startup_stm32h750xx.o
LOAD build/FDN_stereo.o
LOAD ../DaisyExamples/libDaisy//build/libdaisy.a
LOAD /Library/DaisyToolchain/0.2.0/arm/bin/../lib/gcc/arm-none-eabi/10.3.1/../../../../arm-none-eabi/lib/thumb/v7e-m+dp/hard/libnosys.a
LOAD ../DaisyExamples/DaisySP//build/libdaisysp.a
LOAD /Library/DaisyToolchain/0.2.0/arm/bin/../lib/gcc/arm-none-eabi/10.3.1/../../../../arm-none-eabi/lib/thumb/v7e-m+dp/hard/libstdc++_nano.a
LOAD /Library/DaisyToolchain/0.2.0/arm/bin/../lib/gcc/arm-none-eabi/10.3.1/../../../../arm-none-eabi/lib/thumb/v7e-m+dp/hard/libm.a
LOAD /Library/DaisyToolchain/0.2.0/arm/bin/../lib/gcc/arm-none-eabi/10.3.1/../../../../arm-none-eabi/lib/thumb/v7e-m+dp/hard/libc_nano.a
START GROUP
LOAD /Library/DaisyToolchain/0.2.0/arm/bin/../lib/gcc/arm-none-eabi/10.3.1/thumb/v7e-m+dp/hard/libgcc.a
LOAD /Library/DaisyToolchain/0.2.0/arm/bin/../lib/gcc/arm-none-eabi/10.3.1/../../../../arm-none-eabi/lib/thumb/v7e-m+dp/hard/libc_nano.a
END GROUP
START GROUP
LOAD /Library/DaisyToolchain/0.2.0/arm/bin/../lib/gcc/arm-none-eabi/10.3.1/thumb/v7e-m+dp/hard/libgcc.a
LOAD /Library/DaisyToolchain/0.2.0/arm/bin/../lib/gcc/arm-none-eabi/10.3.1/../../../../arm-none-eabi/lib/thumb/v7e-m+dp/hard/libc_nano.a
LOAD /Library/DaisyToolchain/0.2.0/arm/bin/../lib/gcc/arm-none-eabi/10.3.1/../../../../arm-none-eabi/lib/thumb/v7e-m+dp/hard/libnosys.a
END GROUP
START GROUP
LOAD /Library/DaisyToolchain/0.2.0/arm/bin/../lib/gcc/arm-none-eabi/10.3.1/thumb/v7e-m+dp/hard/libgcc.a
LOAD /Library/DaisyToolchain/0.2.0/arm/bin/../lib/gcc/arm-none-eabi/10.3.1/../../../../arm-none-eabi/lib/thumb/v7e-m+dp/hard/libc_nano.a
LOAD /Library/DaisyToolchain/0.2.0/arm/bin/../lib/gcc/arm-none-eabi/10.3.1/../../../../arm-none-eabi/lib/thumb/v7e-m+dp/hard/libnosys.a
END GROUP
LOAD /Library/DaisyToolchain/0.2.0/arm/bin/../lib/gcc/arm-none-eabi/10.3.1/thumb/v7e-m+dp/hard/crtend.o
LOAD /Library/DaisyToolchain/0.2.0/arm/bin/../lib/gcc/arm-none-eabi/10.3.1/thumb/v7e-m+dp/hard/crtn.o
                0x0000000020020000                _estack = 0x20020000

.isr_vector     0x0000000008000000      0x298
                0x0000000008000000                . = ALIGN (0x4)
 *(.isr_vector)
 .isr_vector    0x0000000008000000      0x298 build/startup_stm32h750xx.o
                0x0000000008000000                g_pfnVectors
                0x0000000008000298                . = ALIGN (0x4)

.text           0x0000000008000298    0x13920
                0x0000000008000298                . = ALIGN (0x4)
                0x0000000008000298                _stext = .
 *(.text)
 .text          0x0000000008000298       0x40 /Library/DaisyToolchain/0.2.0/arm/bin/../lib/gcc/arm-none-eabi/10.3.1/thumb/v7e-m+dp/hard/crtbegin.o
 .text          0x00000000080002d8       0x30 /Library/DaisyToolchain/0.2.0/arm/bin/../lib/gcc/arm-none-eabi/10.3.1/thumb/v7e-m+dp/hard/libgcc.a(_aeabi_uldivmod.o)
                0x00000000080002d8                __aeabi_uldivmod
 .text          0x0000000008000308      0x2d0 /Library/DaisyToolchain/0.2.0/arm/bin/../lib/gcc/arm-none-eabi/10.3.1/thumb/v7e-m+dp/hard/libgcc.a(_udivmoddi4.o)
                0x0000000008000308                __udivmoddi4
 .text          0x00000000080005d8        0x4 /Library/DaisyToolchain/0.2.0/arm/bin/../lib/gcc/arm-none-eabi/10.3.1/thumb/v7e-m+dp/hard/libgcc.a(_dvmd_tls.o)
                0x00000000080005d8                __aeabi_ldiv0
                0x00000000080005d8                __aeabi_idiv0
 *(.text*)
 .text.Reset_Handler
                0x00000000080005dc       0x48 build/startup_stm32h750xx.o
                0x00000000080005dc                Reset_Handler
 .text.Default_Handler
                0x0000000008000624        0x2 build/startup_stm32h750xx.o
                0x0000000008000624                SAI1_IRQHandler
                0x0000000008000624                HASH_RNG_IRQHandler
                0x0000000008000624                EXTI2_IRQHandler
                0x0000000008000624                TIM8_CC_IRQHandler
                0x0000000008000624                HRTIM1_Master_IRQHandler
                0x0000000008000624                DebugMon_Handler
                0x0000000008000624                TIM1_CC_IRQHandler
                0x0000000008000624                BDMA_Channel6_IRQHandler
                0x0000000008000624                DMA2_Stream5_IRQHandler
                0x0000000008000624                HRTIM1_FLT_IRQHandler
                0x0000000008000624                JPEG_IRQHandler
                0x0000000008000624                BDMA_Channel1_IRQHandler
                0x0000000008000624                HRTIM1_TIMD_IRQHandler
                0x0000000008000624                TAMP_STAMP_IRQHandler
                0x0000000008000624                PendSV_Handler
                0x0000000008000624                NMI_Handler
                0x0000000008000624                EXTI3_IRQHandler
                0x0000000008000624                LPTIM4_IRQHandler
                0x0000000008000624                TIM8_TRG_COM_TIM14_IRQHandler
                0x0000000008000624                LPTIM2_IRQHandler
                0x0000000008000624                DFSDM1_FLT1_IRQHandler
                0x0000000008000624                DMAMUX2_OVR_IRQHandler
                0x0000000008000624                TIM8_UP_TIM13_IRQHandler
                0x0000000008000624                I2C3_ER_IRQHandler
                0x0000000008000624                DFSDM1_FLT2_IRQHandler
                0x0000000008000624                MDMA_IRQHandler
                0x0000000008000624                LPTIM3_IRQHandler
                0x0000000008000624                HSEM1_IRQHandler
                0x0000000008000624                EXTI0_IRQHandler
                0x0000000008000624                FPU_IRQHandler
                0x0000000008000624                OTG_HS_WKUP_IRQHandler
                0x0000000008000624                FDCAN1_IT1_IRQHandler
                0x0000000008000624                UsageFault_Handler
                0x0000000008000624                LTDC_ER_IRQHandler
                0x0000000008000624                HRTIM1_TIME_IRQHandler
                0x0000000008000624                DCMI_IRQHandler
                0x0000000008000624                HRTIM1_TIMC_IRQHandler
                0x0000000008000624                SAI2_IRQHandler
                0x0000000008000624                DFSDM1_FLT3_IRQHandler
                0x0000000008000624                TIM17_IRQHandler
                0x0000000008000624                BDMA_Channel7_IRQHandler
                0x0000000008000624                CRYP_IRQHandler
                0x0000000008000624                LPTIM5_IRQHandler
                0x0000000008000624                ADC3_IRQHandler
                0x0000000008000624                BDMA_Channel2_IRQHandler
                0x0000000008000624                DMAMUX1_OVR_IRQHandler
                0x0000000008000624                TIM16_IRQHandler
                0x0000000008000624                BDMA_Channel5_IRQHandler
                0x0000000008000624                RCC_IRQHandler
                0x0000000008000624                TIM8_BRK_TIM12_IRQHandler
                0x0000000008000624                TIM1_TRG_COM_IRQHandler
                0x0000000008000624                Default_Handler
                0x0000000008000624                ECC_IRQHandler
                0x0000000008000624                CEC_IRQHandler
                0x0000000008000624                EXTI15_10_IRQHandler
                0x0000000008000624                BDMA_Channel0_IRQHandler
                0x0000000008000624                ADC_IRQHandler
                0x0000000008000624                DMA1_Stream7_IRQHandler
                0x0000000008000624                HRTIM1_TIMA_IRQHandler
                0x0000000008000624                TIM7_IRQHandler
                0x0000000008000624                SDMMC1_IRQHandler
                0x0000000008000624                DMA2_Stream7_IRQHandler
                0x0000000008000624                TIM15_IRQHandler
                0x0000000008000624                PVD_AVD_IRQHandler
                0x0000000008000624                EXTI9_5_IRQHandler
                0x0000000008000624                RTC_WKUP_IRQHandler
                0x0000000008000624                LTDC_IRQHandler
                0x0000000008000624                SAI3_IRQHandler
                0x0000000008000624                ETH_WKUP_IRQHandler
                0x0000000008000624                SPDIF_RX_IRQHandler
                0x0000000008000624                MemManage_Handler
                0x0000000008000624                SVC_Handler
                0x0000000008000624                CRS_IRQHandler
                0x0000000008000624                EXTI4_IRQHandler
                0x0000000008000624                HRTIM1_TIMB_IRQHandler
                0x0000000008000624                FDCAN2_IT1_IRQHandler
                0x0000000008000624                ETH_IRQHandler
                0x0000000008000624                TIM1_UP_IRQHandler
                0x0000000008000624                BDMA_Channel4_IRQHandler
                0x0000000008000624                WWDG_IRQHandler
                0x0000000008000624                SPI6_IRQHandler
                0x0000000008000624                MDIOS_IRQHandler
                0x0000000008000624                I2C4_EV_IRQHandler
                0x0000000008000624                FDCAN2_IT0_IRQHandler
                0x0000000008000624                FDCAN1_IT0_IRQHandler
                0x0000000008000624                OTG_FS_WKUP_IRQHandler
                0x0000000008000624                DMA2D_IRQHandler
                0x0000000008000624                TIM1_BRK_IRQHandler
                0x0000000008000624                EXTI1_IRQHandler
                0x0000000008000624                SDMMC2_IRQHandler
                0x0000000008000624                OTG_FS_EP1_OUT_IRQHandler
                0x0000000008000624                BDMA_Channel3_IRQHandler
                0x0000000008000624                MDIOS_WKUP_IRQHandler
                0x0000000008000624                DFSDM1_FLT0_IRQHandler
                0x0000000008000624                SAI4_IRQHandler
                0x0000000008000624                I2C2_ER_IRQHandler
                0x0000000008000624                FLASH_IRQHandler
                0x0000000008000624                BusFault_Handler
                0x0000000008000624                OTG_FS_IRQHandler
                0x0000000008000624                WAKEUP_PIN_IRQHandler
                0x0000000008000624                OTG_FS_EP1_IN_IRQHandler
                0x0000000008000624                I2C1_ER_IRQHandler
                0x0000000008000624                FMC_IRQHandler
                0x0000000008000624                FDCAN_CAL_IRQHandler
                0x0000000008000624                SWPMI1_IRQHandler
                0x0000000008000624                COMP1_IRQHandler
                0x0000000008000624                LPTIM1_IRQHandler
                0x0000000008000624                I2C4_ER_IRQHandler
                0x0000000008000624                DMA2_Stream6_IRQHandler
                0x0000000008000624                RTC_Alarm_IRQHandler
 .text._ZSt3absf
                0x0000000008000626       0x20 build/FDN_stereo.o
                0x0000000008000626                std::abs(float)
 .text._ZSt4ceilf
                0x0000000008000646       0x20 build/FDN_stereo.o
                0x0000000008000646                std::ceil(float)
 .text._ZSt5floorf
                0x0000000008000666       0x20 build/FDN_stereo.o
                0x0000000008000666                std::floor(float)
 .text._ZN7daisysp4fmaxEff
                0x0000000008000686       0x32 build/FDN_stereo.o
                0x0000000008000686                daisysp::fmax(float, float)
 .text._ZN7daisysp4fminEff
                0x00000000080006b8       0x32 build/FDN_stereo.o
                0x00000000080006b8                daisysp::fmin(float, float)
 .text._ZN7daisysp6fclampEfff
                0x00000000080006ea       0x3c build/FDN_stereo.o
                0x00000000080006ea                daisysp::fclamp(float, float, float)
 .text._ZN7daisysp4fmapEfffNS_7MappingE
                0x0000000008000726       0xf2 build/FDN_stereo.o
                0x0000000008000726                daisysp::fmap(float, float, float, daisysp::Mapping)
 .text._ZN5daisy3PinC2Ev
                0x0000000008000818       0x22 build/FDN_stereo.o
                0x0000000008000818                daisy::Pin::Pin()
                0x0000000008000818                daisy::Pin::Pin()
 .text._ZN5daisy6SystemC2Ev
                0x000000000800083a       0x16 build/FDN_stereo.o
                0x000000000800083a                daisy::System::System()
                0x000000000800083a                daisy::System::System()
 .text._ZN5daisy6SystemD2Ev
                0x0000000008000850       0x16 build/FDN_stereo.o
                0x0000000008000850                daisy::System::~System()
                0x0000000008000850                daisy::System::~System()
 .text._ZN5daisy10QSPIHandleC2Ev
                0x0000000008000866       0x1c build/FDN_stereo.o
                0x0000000008000866                daisy::QSPIHandle::QSPIHandle()
                0x0000000008000866                daisy::QSPIHandle::QSPIHandle()
 .text._ZN5daisy9DacHandleC2Ev
                0x0000000008000882       0x1c build/FDN_stereo.o
                0x0000000008000882                daisy::DacHandle::DacHandle()
                0x0000000008000882                daisy::DacHandle::DacHandle()
 .text._ZN5daisy4GPIO6ConfigC2Ev
                0x000000000800089e       0x2c build/FDN_stereo.o
                0x000000000800089e                daisy::GPIO::Config::Config()
                0x000000000800089e                daisy::GPIO::Config::Config()
 .text._ZN5daisy4GPIOC2Ev
                0x00000000080008ca       0x1a build/FDN_stereo.o
                0x00000000080008ca                daisy::GPIO::GPIO()
                0x00000000080008ca                daisy::GPIO::GPIO()
 .text._ZN5daisy9I2CHandleC2Ev
                0x00000000080008e4       0x1c build/FDN_stereo.o
                0x00000000080008e4                daisy::I2CHandle::I2CHandle()
                0x00000000080008e4                daisy::I2CHandle::I2CHandle()
 .text._ZN5daisy11AudioHandleC2Ev
                0x0000000008000900       0x1c build/FDN_stereo.o
                0x0000000008000900                daisy::AudioHandle::AudioHandle()
                0x0000000008000900                daisy::AudioHandle::AudioHandle()
 .text._ZN5daisy11AudioHandleD2Ev
                0x000000000800091c       0x16 build/FDN_stereo.o
                0x000000000800091c                daisy::AudioHandle::~AudioHandle()
                0x000000000800091c                daisy::AudioHandle::~AudioHandle()
 .text._ZN5daisy9AdcHandleC2Ev
                0x0000000008000932       0x16 build/FDN_stereo.o
                0x0000000008000932                daisy::AdcHandle::AdcHandle()
                0x0000000008000932                daisy::AdcHandle::AdcHandle()
 .text._ZN5daisy9AdcHandleD2Ev
                0x0000000008000948       0x16 build/FDN_stereo.o
                0x0000000008000948                daisy::AdcHandle::~AdcHandle()
                0x0000000008000948                daisy::AdcHandle::~AdcHandle()
 .text._ZN5daisy9UsbHandleC2Ev
                0x000000000800095e       0x16 build/FDN_stereo.o
                0x000000000800095e                daisy::UsbHandle::UsbHandle()
                0x000000000800095e                daisy::UsbHandle::UsbHandle()
 .text._ZN5daisy9UsbHandleD2Ev
                0x0000000008000974       0x16 build/FDN_stereo.o
                0x0000000008000974                daisy::UsbHandle::~UsbHandle()
                0x0000000008000974                daisy::UsbHandle::~UsbHandle()
 .text._ZN5daisy13AnalogControlC2Ev
                0x000000000800098a       0x16 build/FDN_stereo.o
                0x000000000800098a                daisy::AnalogControl::AnalogControl()
                0x000000000800098a                daisy::AnalogControl::AnalogControl()
 .text._ZN5daisy13AnalogControlD2Ev
                0x00000000080009a0       0x16 build/FDN_stereo.o
                0x00000000080009a0                daisy::AnalogControl::~AnalogControl()
                0x00000000080009a0                daisy::AnalogControl::~AnalogControl()
 .text._ZN5daisy6GateInC2Ev
                0x00000000080009b6       0x1a build/FDN_stereo.o
                0x00000000080009b6                daisy::GateIn::GateIn()
                0x00000000080009b6                daisy::GateIn::GateIn()
 .text._ZN5daisy6GateInD2Ev
                0x00000000080009d0       0x16 build/FDN_stereo.o
                0x00000000080009d0                daisy::GateIn::~GateIn()
                0x00000000080009d0                daisy::GateIn::~GateIn()
 .text._ZN5daisy7Pcm3060C2Ev
                0x00000000080009e6       0x1a build/FDN_stereo.o
                0x00000000080009e6                daisy::Pcm3060::Pcm3060()
                0x00000000080009e6                daisy::Pcm3060::Pcm3060()
 .text._ZN5daisy7Pcm3060D2Ev
                0x0000000008000a00       0x16 build/FDN_stereo.o
                0x0000000008000a00                daisy::Pcm3060::~Pcm3060()
                0x0000000008000a00                daisy::Pcm3060::~Pcm3060()
 .text._ZN5daisy8patch_sm12DaisyPatchSMC2Ev
                0x0000000008000a16       0x86 build/FDN_stereo.o
                0x0000000008000a16                daisy::patch_sm::DaisyPatchSM::DaisyPatchSM()
                0x0000000008000a16                daisy::patch_sm::DaisyPatchSM::DaisyPatchSM()
 .text._ZN5daisy8patch_sm12DaisyPatchSMD2Ev
                0x0000000008000a9c       0x7c build/FDN_stereo.o
                0x0000000008000a9c                daisy::patch_sm::DaisyPatchSM::~DaisyPatchSM()
                0x0000000008000a9c                daisy::patch_sm::DaisyPatchSM::~DaisyPatchSM()
 .text._ZL13AudioCallbackPKfPfj
                0x0000000008000b18      0x888 build/FDN_stereo.o
 .text.main     0x00000000080013a0      0x19c build/FDN_stereo.o
                0x00000000080013a0                main
 .text._ZN7daisysp9DelayLineIfLj5000EEC2Ev
                0x000000000800153c       0x16 build/FDN_stereo.o
                0x000000000800153c                daisysp::DelayLine<float, 5000u>::DelayLine()
                0x000000000800153c                daisysp::DelayLine<float, 5000u>::DelayLine()
 .text._ZN7daisysp9DelayLineIfLj1EEC2Ev
                0x0000000008001552       0x16 build/FDN_stereo.o
                0x0000000008001552                daisysp::DelayLine<float, 1u>::DelayLine()
                0x0000000008001552                daisysp::DelayLine<float, 1u>::DelayLine()
 .text._ZN7daisysp9DelayLineIfLj558EEC2Ev
                0x0000000008001568       0x16 build/FDN_stereo.o
                0x0000000008001568                daisysp::DelayLine<float, 558u>::DelayLine()
                0x0000000008001568                daisysp::DelayLine<float, 558u>::DelayLine()
 *fill*         0x000000000800157e        0x2 
 .text._ZNK7daisysp9DelayLineIfLj5000EE4ReadEv
                0x0000000008001580       0x90 build/FDN_stereo.o
                0x0000000008001580                daisysp::DelayLine<float, 5000u>::Read() const
 .text._ZNK7daisysp9DelayLineIfLj1EE4ReadEv
                0x0000000008001610       0x40 build/FDN_stereo.o
                0x0000000008001610                daisysp::DelayLine<float, 1u>::Read() const
 .text._ZN7daisysp9DelayLineIfLj1EE5WriteEf
                0x0000000008001650       0x30 build/FDN_stereo.o
                0x0000000008001650                daisysp::DelayLine<float, 1u>::Write(float)
 .text._ZN7daisysp9DelayLineIfLj5000EE5WriteEf
                0x0000000008001680       0x50 build/FDN_stereo.o
                0x0000000008001680                daisysp::DelayLine<float, 5000u>::Write(float)
 .text._ZNK7daisysp9DelayLineIfLj558EE4ReadEv
                0x00000000080016d0       0x90 build/FDN_stereo.o
                0x00000000080016d0                daisysp::DelayLine<float, 558u>::Read() const
 .text._ZN7daisysp9DelayLineIfLj558EE5WriteEf
                0x0000000008001760       0x4c build/FDN_stereo.o
                0x0000000008001760                daisysp::DelayLine<float, 558u>::Write(float)
 .text._ZN7daisysp9DelayLineIfLj5000EE8SetDelayEj
                0x00000000080017ac       0x2e build/FDN_stereo.o
                0x00000000080017ac                daisysp::DelayLine<float, 5000u>::SetDelay(unsigned int)
 .text._ZN7daisysp9DelayLineIfLj1EE4InitEv
                0x00000000080017da       0x16 build/FDN_stereo.o
                0x00000000080017da                daisysp::DelayLine<float, 1u>::Init()
 .text._ZN7daisysp9DelayLineIfLj1EE8SetDelayEj
                0x00000000080017f0       0x24 build/FDN_stereo.o
                0x00000000080017f0                daisysp::DelayLine<float, 1u>::SetDelay(unsigned int)
 .text._ZN7daisysp9DelayLineIfLj5000EE4InitEv
                0x0000000008001814       0x16 build/FDN_stereo.o
                0x0000000008001814                daisysp::DelayLine<float, 5000u>::Init()
 .text._ZN7daisysp9DelayLineIfLj558EE4InitEv
                0x000000000800182a       0x16 build/FDN_stereo.o
                0x000000000800182a                daisysp::DelayLine<float, 558u>::Init()
 .text._ZN7daisysp9DelayLineIfLj558EE8SetDelayEj
                0x0000000008001840       0x2e build/FDN_stereo.o
                0x0000000008001840                daisysp::DelayLine<float, 558u>::SetDelay(unsigned int)
 .text._ZN7daisysp9DelayLineIfLj1EE5ResetEv
                0x000000000800186e       0x44 build/FDN_stereo.o
                0x000000000800186e                daisysp::DelayLine<float, 1u>::Reset()
 .text._ZN7daisysp9DelayLineIfLj5000EE5ResetEv
                0x00000000080018b2       0x48 build/FDN_stereo.o
                0x00000000080018b2                daisysp::DelayLine<float, 5000u>::Reset()
 .text._ZN7daisysp9DelayLineIfLj558EE5ResetEv
                0x00000000080018fa       0x48 build/FDN_stereo.o
                0x00000000080018fa                daisysp::DelayLine<float, 558u>::Reset()
 *fill*         0x0000000008001942        0x2 
 .text.__tcf_0  0x0000000008001944       0x30 build/FDN_stereo.o
 .text.__tcf_1  0x0000000008001974       0x30 build/FDN_stereo.o
 .text.__tcf_2  0x00000000080019a4       0x28 build/FDN_stereo.o
 .text.__tcf_3  0x00000000080019cc       0x28 build/FDN_stereo.o
 .text.__tcf_4  0x00000000080019f4       0x2c build/FDN_stereo.o
 .text._Z41__static_initialization_and_destruction_0ii
                0x0000000008001a20      0x114 build/FDN_stereo.o
 .text._ZN7daisysp9DelayLineIfLj5000EED2Ev
                0x0000000008001b34       0x16 build/FDN_stereo.o
                0x0000000008001b34                daisysp::DelayLine<float, 5000u>::~DelayLine()
                0x0000000008001b34                daisysp::DelayLine<float, 5000u>::~DelayLine()
 .text._ZN7daisysp9DelayLineIfLj1EED2Ev
                0x0000000008001b4a       0x16 build/FDN_stereo.o
                0x0000000008001b4a                daisysp::DelayLine<float, 1u>::~DelayLine()
                0x0000000008001b4a                daisysp::DelayLine<float, 1u>::~DelayLine()
 .text._ZN7daisysp9DelayLineIfLj558EED2Ev
                0x0000000008001b60       0x16 build/FDN_stereo.o
                0x0000000008001b60                daisysp::DelayLine<float, 558u>::~DelayLine()
                0x0000000008001b60                daisysp::DelayLine<float, 558u>::~DelayLine()
 .text._GLOBAL__sub_I_patch
                0x0000000008001b76       0x10 build/FDN_stereo.o
 *fill*         0x0000000008001b86        0x2 
 .text._ZN5daisy8patch_sm12DaisyPatchSM4Impl19InternalDacCallbackEPPtj
                0x0000000008001b88       0xa8 ../DaisyExamples/libDaisy//build/libdaisy.a(daisy_patch_sm.o)
                0x0000000008001b88                daisy::patch_sm::DaisyPatchSM::Impl::InternalDacCallback(unsigned short**, unsigned int)
 .text._ZN5daisy8patch_sm12DaisyPatchSM4InitEv
                0x0000000008001c30      0x29c ../DaisyExamples/libDaisy//build/libdaisy.a(daisy_patch_sm.o)
                0x0000000008001c30                daisy::patch_sm::DaisyPatchSM::Init()
 .text._ZN5daisy8patch_sm12DaisyPatchSM10StartAudioEPFvPKfPfjE
                0x0000000008001ecc        0x8 ../DaisyExamples/libDaisy//build/libdaisy.a(daisy_patch_sm.o)
                0x0000000008001ecc                daisy::patch_sm::DaisyPatchSM::StartAudio(void (*)(float const*, float*, unsigned int))
 .text._ZN5daisy8patch_sm12DaisyPatchSM17SetAudioBlockSizeEj
                0x0000000008001ed4       0x54 ../DaisyExamples/libDaisy//build/libdaisy.a(daisy_patch_sm.o)
                0x0000000008001ed4                daisy::patch_sm::DaisyPatchSM::SetAudioBlockSize(unsigned int)
 .text._ZN5daisy8patch_sm12DaisyPatchSM21ProcessAnalogControlsEv
                0x0000000008001f28       0x18 ../DaisyExamples/libDaisy//build/libdaisy.a(daisy_patch_sm.o)
                0x0000000008001f28                daisy::patch_sm::DaisyPatchSM::ProcessAnalogControls()
 .text._ZN5daisy8patch_sm12DaisyPatchSM11GetAdcValueEi
                0x0000000008001f40        0xc ../DaisyExamples/libDaisy//build/libdaisy.a(daisy_patch_sm.o)
                0x0000000008001f40                daisy::patch_sm::DaisyPatchSM::GetAdcValue(int)
 .text.startup._GLOBAL__sub_I__ZN5daisy8patch_sm12DaisyPatchSM2A1E
                0x0000000008001f4c       0x28 ../DaisyExamples/libDaisy//build/libdaisy.a(daisy_patch_sm.o)
 .text._ZN5daisy7Pcm30604InitENS_9I2CHandleE
                0x0000000008001f74      0x16c ../DaisyExamples/libDaisy//build/libdaisy.a(codec_pcm3060.o)
                0x0000000008001f74                daisy::Pcm3060::Init(daisy::I2CHandle)
 .text._ZN11SdramHandle10DeviceInitEv
                0x00000000080020e0       0x98 ../DaisyExamples/libDaisy//build/libdaisy.a(sdram.o)
                0x00000000080020e0                SdramHandle::DeviceInit()
 .text._ZN11SdramHandle4InitEv
                0x0000000008002178       0x7c ../DaisyExamples/libDaisy//build/libdaisy.a(sdram.o)
                0x0000000008002178                SdramHandle::Init()
 .text.HAL_SDRAM_MspInit
                0x00000000080021f4      0x1a8 ../DaisyExamples/libDaisy//build/libdaisy.a(sdram.o)
                0x00000000080021f4                HAL_SDRAM_MspInit
 .text._ZN5daisy11AudioHandle4Impl16InternalCallbackEPlS2_j
                0x000000000800239c      0xbbc ../DaisyExamples/libDaisy//build/libdaisy.a(audio.o)
                0x000000000800239c                daisy::AudioHandle::Impl::InternalCallback(long*, long*, unsigned int)
 .text._ZN5daisy11AudioHandle4InitERKNS0_6ConfigENS_9SaiHandleE
                0x0000000008002f58       0x70 ../DaisyExamples/libDaisy//build/libdaisy.a(audio.o)
                0x0000000008002f58                daisy::AudioHandle::Init(daisy::AudioHandle::Config const&, daisy::SaiHandle)
 .text._ZNK5daisy11AudioHandle9GetConfigEv
                0x0000000008002fc8        0x8 ../DaisyExamples/libDaisy//build/libdaisy.a(audio.o)
                0x0000000008002fc8                daisy::AudioHandle::GetConfig() const
 .text._ZN5daisy11AudioHandle12SetBlockSizeEj
                0x0000000008002fd0       0x1c ../DaisyExamples/libDaisy//build/libdaisy.a(audio.o)
                0x0000000008002fd0                daisy::AudioHandle::SetBlockSize(unsigned int)
 .text._ZN5daisy11AudioHandle13GetSampleRateEv
                0x0000000008002fec        0x8 ../DaisyExamples/libDaisy//build/libdaisy.a(audio.o)
                0x0000000008002fec                daisy::AudioHandle::GetSampleRate()
 .text._ZN5daisy11AudioHandle5StartEPFvPKfPfjE
                0x0000000008002ff4       0x2c ../DaisyExamples/libDaisy//build/libdaisy.a(audio.o)
                0x0000000008002ff4                daisy::AudioHandle::Start(void (*)(float const*, float*, unsigned int))
 .text.startup._GLOBAL__sub_I__ZN5daisy11AudioHandle4Impl4InitENS0_6ConfigENS_9SaiHandleE
                0x0000000008003020       0x24 ../DaisyExamples/libDaisy//build/libdaisy.a(audio.o)
 .text._ZN5daisy13AnalogControl4InitEPtfbbf
                0x0000000008003044       0x64 ../DaisyExamples/libDaisy//build/libdaisy.a(ctrl.o)
                0x0000000008003044                daisy::AnalogControl::Init(unsigned short*, float, bool, bool, float)
 .text._ZN5daisy13AnalogControl13InitBipolarCvEPtf
                0x00000000080030a8       0x6c ../DaisyExamples/libDaisy//build/libdaisy.a(ctrl.o)
                0x00000000080030a8                daisy::AnalogControl::InitBipolarCv(unsigned short*, float)
 .text._ZN5daisy13AnalogControl7ProcessEv
                0x0000000008003114       0x48 ../DaisyExamples/libDaisy//build/libdaisy.a(ctrl.o)
                0x0000000008003114                daisy::AnalogControl::Process()
 .text._ZN5daisy13AnalogControl13SetSampleRateEf
                0x000000000800315c       0x58 ../DaisyExamples/libDaisy//build/libdaisy.a(ctrl.o)
                0x000000000800315c                daisy::AnalogControl::SetSampleRate(float)
 .text._ZN5daisy6GateIn4InitENS_3PinEb
                0x00000000080031b4       0x24 ../DaisyExamples/libDaisy//build/libdaisy.a(gatein.o)
                0x00000000080031b4                daisy::GateIn::Init(daisy::Pin, bool)
 .text._ZN5daisy16AdcChannelConfig10InitSingleE12dsy_gpio_pinNS0_15ConversionSpeedE
                0x00000000080031d8       0x28 ../DaisyExamples/libDaisy//build/libdaisy.a(adc.o)
                0x00000000080031d8                daisy::AdcChannelConfig::InitSingle(dsy_gpio_pin, daisy::AdcChannelConfig::ConversionSpeed)
 .text._ZN5daisy9AdcHandle4InitEPNS_16AdcChannelConfigEjNS0_12OverSamplingE
                0x0000000008003200      0x41c ../DaisyExamples/libDaisy//build/libdaisy.a(adc.o)
                0x0000000008003200                daisy::AdcHandle::Init(daisy::AdcChannelConfig*, unsigned int, daisy::AdcHandle::OverSampling)
 .text._ZN5daisy9AdcHandle5StartEv
                0x000000000800361c       0x2c ../DaisyExamples/libDaisy//build/libdaisy.a(adc.o)
                0x000000000800361c                daisy::AdcHandle::Start()
 .text._ZNK5daisy9AdcHandle6GetPtrEh
                0x0000000008003648       0x14 ../DaisyExamples/libDaisy//build/libdaisy.a(adc.o)
                0x0000000008003648                daisy::AdcHandle::GetPtr(unsigned char) const
 .text._ZNK5daisy9AdcHandle8GetFloatEh
                0x000000000800365c       0x20 ../DaisyExamples/libDaisy//build/libdaisy.a(adc.o)
                0x000000000800365c                daisy::AdcHandle::GetFloat(unsigned char) const
 .text.HAL_ADC_MspInit
                0x000000000800367c       0x98 ../DaisyExamples/libDaisy//build/libdaisy.a(adc.o)
                0x000000000800367c                HAL_ADC_MspInit
 .text.DMA1_Stream2_IRQHandler
                0x0000000008003714        0xc ../DaisyExamples/libDaisy//build/libdaisy.a(adc.o)
                0x0000000008003714                DMA1_Stream2_IRQHandler
 .text.HAL_ADC_ConvCpltCallback
                0x0000000008003720      0x148 ../DaisyExamples/libDaisy//build/libdaisy.a(adc.o)
                0x0000000008003720                HAL_ADC_ConvCpltCallback
 .text.HAL_ADC_ErrorCallback
                0x0000000008003868        0x4 ../DaisyExamples/libDaisy//build/libdaisy.a(adc.o)
                0x0000000008003868                HAL_ADC_ErrorCallback
 .text.HAL_DAC_MspInit
                0x000000000800386c      0x15c ../DaisyExamples/libDaisy//build/libdaisy.a(dac.o)
                0x000000000800386c                HAL_DAC_MspInit
 .text.DMA2_Stream0_IRQHandler
                0x00000000080039c8        0xc ../DaisyExamples/libDaisy//build/libdaisy.a(dac.o)
                0x00000000080039c8                DMA2_Stream0_IRQHandler
 .text.DMA2_Stream1_IRQHandler
                0x00000000080039d4        0xc ../DaisyExamples/libDaisy//build/libdaisy.a(dac.o)
                0x00000000080039d4                DMA2_Stream1_IRQHandler
 .text.TIM6_DAC_IRQHandler
                0x00000000080039e0       0x1c ../DaisyExamples/libDaisy//build/libdaisy.a(dac.o)
                0x00000000080039e0                TIM6_DAC_IRQHandler
 .text.HAL_DAC_ConvCpltCallbackCh1
                0x00000000080039fc       0x60 ../DaisyExamples/libDaisy//build/libdaisy.a(dac.o)
                0x00000000080039fc                HAL_DAC_ConvCpltCallbackCh1
 .text.HAL_DAC_ConvHalfCpltCallbackCh1
                0x0000000008003a5c       0x54 ../DaisyExamples/libDaisy//build/libdaisy.a(dac.o)
                0x0000000008003a5c                HAL_DAC_ConvHalfCpltCallbackCh1
 .text.HAL_DACEx_ConvHalfCpltCallbackCh2
                0x0000000008003ab0       0x2c ../DaisyExamples/libDaisy//build/libdaisy.a(dac.o)
                0x0000000008003ab0                HAL_DACEx_ConvHalfCpltCallbackCh2
 .text.HAL_DACEx_ConvCpltCallbackCh2
                0x0000000008003adc       0x34 ../DaisyExamples/libDaisy//build/libdaisy.a(dac.o)
                0x0000000008003adc                HAL_DACEx_ConvCpltCallbackCh2
 .text._ZN5daisy9DacHandle4InitERKNS0_6ConfigE
                0x0000000008003b10       0xfc ../DaisyExamples/libDaisy//build/libdaisy.a(dac.o)
                0x0000000008003b10                daisy::DacHandle::Init(daisy::DacHandle::Config const&)
 .text._ZN5daisy9DacHandle5StartEPtS1_jPFvPS1_jE
                0x0000000008003c0c       0x6c ../DaisyExamples/libDaisy//build/libdaisy.a(dac.o)
                0x0000000008003c0c                daisy::DacHandle::Start(unsigned short*, unsigned short*, unsigned int, void (*)(unsigned short**, unsigned int))
 .text._ZN5daisy9DacHandle4StopEv
                0x0000000008003c78       0x40 ../DaisyExamples/libDaisy//build/libdaisy.a(dac.o)
                0x0000000008003c78                daisy::DacHandle::Stop()
 .text._ZN5daisy4GPIO4InitENS_3PinENS0_4ModeENS0_4PullENS0_5SpeedE
                0x0000000008003cb8      0x1cc ../DaisyExamples/libDaisy//build/libdaisy.a(gpio.o)
                0x0000000008003cb8                daisy::GPIO::Init(daisy::Pin, daisy::GPIO::Mode, daisy::GPIO::Pull, daisy::GPIO::Speed)
 .text.dsy_gpio_init
                0x0000000008003e84      0x1b8 ../DaisyExamples/libDaisy//build/libdaisy.a(gpio.o)
                0x0000000008003e84                dsy_gpio_init
 .text.dsy_gpio_write
                0x000000000800403c       0x24 ../DaisyExamples/libDaisy//build/libdaisy.a(gpio.o)
                0x000000000800403c                dsy_gpio_write
 .text._ZN5daisy9I2CHandle4Impl8InitPinsEv
                0x0000000008004060       0x58 ../DaisyExamples/libDaisy//build/libdaisy.a(i2c.o)
                0x0000000008004060                daisy::I2CHandle::Impl::InitPins()
 .text.HAL_I2C_MspInit
                0x00000000080040b8      0x1b4 ../DaisyExamples/libDaisy//build/libdaisy.a(i2c.o)
                0x00000000080040b8                HAL_I2C_MspInit
 .text.dsy_i2c_global_init
                0x000000000800426c       0x78 ../DaisyExamples/libDaisy//build/libdaisy.a(i2c.o)
                0x000000000800426c                dsy_i2c_global_init
 .text.DMA1_Stream6_IRQHandler
                0x00000000080042e4       0x34 ../DaisyExamples/libDaisy//build/libdaisy.a(i2c.o)
                0x00000000080042e4                DMA1_Stream6_IRQHandler
 .text.I2C1_EV_IRQHandler
                0x0000000008004318        0xc ../DaisyExamples/libDaisy//build/libdaisy.a(i2c.o)
                0x0000000008004318                I2C1_EV_IRQHandler
 .text.I2C2_EV_IRQHandler
                0x0000000008004324        0xc ../DaisyExamples/libDaisy//build/libdaisy.a(i2c.o)
                0x0000000008004324                I2C2_EV_IRQHandler
 .text.I2C3_EV_IRQHandler
                0x0000000008004330        0xc ../DaisyExamples/libDaisy//build/libdaisy.a(i2c.o)
                0x0000000008004330                I2C3_EV_IRQHandler
 .text._ZN5daisy9I2CHandle4InitERKNS0_6ConfigE
                0x000000000800433c      0x12c ../DaisyExamples/libDaisy//build/libdaisy.a(i2c.o)
                0x000000000800433c                daisy::I2CHandle::Init(daisy::I2CHandle::Config const&)
 .text._ZN5daisy9I2CHandle17ReadDataAtAddressEtttPhtm
                0x0000000008004468       0x4c ../DaisyExamples/libDaisy//build/libdaisy.a(i2c.o)
                0x0000000008004468                daisy::I2CHandle::ReadDataAtAddress(unsigned short, unsigned short, unsigned short, unsigned char*, unsigned short, unsigned long)
 .text._ZN5daisy9I2CHandle18WriteDataAtAddressEtttPhtm
                0x00000000080044b4       0x4c ../DaisyExamples/libDaisy//build/libdaisy.a(i2c.o)
                0x00000000080044b4                daisy::I2CHandle::WriteDataAtAddress(unsigned short, unsigned short, unsigned short, unsigned char*, unsigned short, unsigned long)
 .text.startup._GLOBAL__sub_I__ZN5daisy9I2CHandle4Impl10GlobalInitEv
                0x0000000008004500       0x18 ../DaisyExamples/libDaisy//build/libdaisy.a(i2c.o)
 .text._ZN5daisy10QSPIHandle4Impl11WriteEnableEv
                0x0000000008004518       0x8c ../DaisyExamples/libDaisy//build/libdaisy.a(qspi.o)
                0x0000000008004518                daisy::QSPIHandle::Impl::WriteEnable()
 *fill*         0x00000000080045a4        0x4 
 .text._ZN5daisy10QSPIHandle4Impl17DummyCyclesConfigENS0_6Config6DeviceE
                0x00000000080045a8      0x118 ../DaisyExamples/libDaisy//build/libdaisy.a(qspi.o)
                0x00000000080045a8                daisy::QSPIHandle::Impl::DummyCyclesConfig(daisy::QSPIHandle::Config::Device)
 .text._ZN5daisy10QSPIHandle4Impl10QuadEnableEv
                0x00000000080046c0      0x158 ../DaisyExamples/libDaisy//build/libdaisy.a(qspi.o)
                0x00000000080046c0                daisy::QSPIHandle::Impl::QuadEnable()
 .text._ZN5daisy10QSPIHandle4InitERKNS0_6ConfigE
                0x0000000008004818      0x198 ../DaisyExamples/libDaisy//build/libdaisy.a(qspi.o)
                0x0000000008004818                daisy::QSPIHandle::Init(daisy::QSPIHandle::Config const&)
 .text.HAL_QSPI_MspInit
                0x00000000080049b0      0x11c ../DaisyExamples/libDaisy//build/libdaisy.a(qspi.o)
                0x00000000080049b0                HAL_QSPI_MspInit
 .text.HAL_QSPI_MspDeInit
                0x0000000008004acc       0x54 ../DaisyExamples/libDaisy//build/libdaisy.a(qspi.o)
                0x0000000008004acc                HAL_QSPI_MspDeInit
 .text.QUADSPI_IRQHandler
                0x0000000008004b20        0xc ../DaisyExamples/libDaisy//build/libdaisy.a(qspi.o)
                0x0000000008004b20                QUADSPI_IRQHandler
 .text.startup._GLOBAL__sub_I__ZN5daisy10QSPIHandle4Impl4InitERKNS0_6ConfigE
                0x0000000008004b2c       0x28 ../DaisyExamples/libDaisy//build/libdaisy.a(qspi.o)
 .text._ZN5daisy9SaiHandle4Impl7InitDmaENS1_15PeripheralBlockE
                0x0000000008004b54       0xa0 ../DaisyExamples/libDaisy//build/libdaisy.a(sai.o)
                0x0000000008004b54                daisy::SaiHandle::Impl::InitDma(daisy::SaiHandle::Impl::PeripheralBlock)
 .text._ZN5daisy9SaiHandle4Impl8InitPinsEv
                0x0000000008004bf4       0xa8 ../DaisyExamples/libDaisy//build/libdaisy.a(sai.o)
                0x0000000008004bf4                daisy::SaiHandle::Impl::InitPins()
 .text.HAL_SAI_MspInit
                0x0000000008004c9c      0x164 ../DaisyExamples/libDaisy//build/libdaisy.a(sai.o)
                0x0000000008004c9c                HAL_SAI_MspInit
 .text.DMA1_Stream0_IRQHandler
                0x0000000008004e00        0xc ../DaisyExamples/libDaisy//build/libdaisy.a(sai.o)
                0x0000000008004e00                DMA1_Stream0_IRQHandler
 .text.DMA1_Stream1_IRQHandler
                0x0000000008004e0c        0xc ../DaisyExamples/libDaisy//build/libdaisy.a(sai.o)
                0x0000000008004e0c                DMA1_Stream1_IRQHandler
 .text.DMA1_Stream3_IRQHandler
                0x0000000008004e18        0xc ../DaisyExamples/libDaisy//build/libdaisy.a(sai.o)
                0x0000000008004e18                DMA1_Stream3_IRQHandler
 .text.DMA1_Stream4_IRQHandler
                0x0000000008004e24        0xc ../DaisyExamples/libDaisy//build/libdaisy.a(sai.o)
                0x0000000008004e24                DMA1_Stream4_IRQHandler
 .text.HAL_SAI_RxHalfCpltCallback
                0x0000000008004e30       0x78 ../DaisyExamples/libDaisy//build/libdaisy.a(sai.o)
                0x0000000008004e30                HAL_SAI_RxHalfCpltCallback
 .text.HAL_SAI_RxCpltCallback
                0x0000000008004ea8       0x70 ../DaisyExamples/libDaisy//build/libdaisy.a(sai.o)
                0x0000000008004ea8                HAL_SAI_RxCpltCallback
 .text._ZN5daisy9SaiHandle4InitERKNS0_6ConfigE
                0x0000000008004f18      0x1f0 ../DaisyExamples/libDaisy//build/libdaisy.a(sai.o)
                0x0000000008004f18                daisy::SaiHandle::Init(daisy::SaiHandle::Config const&)
 .text._ZNK5daisy9SaiHandle9GetConfigEv
                0x0000000008005108        0x4 ../DaisyExamples/libDaisy//build/libdaisy.a(sai.o)
                0x0000000008005108                daisy::SaiHandle::GetConfig() const
 .text._ZN5daisy9SaiHandle8StartDmaEPlS1_jPFvS1_S1_jE
                0x000000000800510c       0xbc ../DaisyExamples/libDaisy//build/libdaisy.a(sai.o)
                0x000000000800510c                daisy::SaiHandle::StartDma(long*, long*, unsigned int, void (*)(long*, long*, unsigned int))
 .text._ZN5daisy9SaiHandle13GetSampleRateEv
                0x00000000080051c8       0x24 ../DaisyExamples/libDaisy//build/libdaisy.a(sai.o)
                0x00000000080051c8                daisy::SaiHandle::GetSampleRate()
 .text._ZNK5daisy9SaiHandle9GetOffsetEv
                0x00000000080051ec        0x8 ../DaisyExamples/libDaisy//build/libdaisy.a(sai.o)
                0x00000000080051ec                daisy::SaiHandle::GetOffset() const
 .text._ZN5daisy11TimerHandleD2Ev
                0x00000000080051f4        0x4 ../DaisyExamples/libDaisy//build/libdaisy.a(system.o)
                0x00000000080051f4                daisy::TimerHandle::~TimerHandle()
                0x00000000080051f4                daisy::TimerHandle::~TimerHandle()
 .text.SysTick_Handler
                0x00000000080051f8       0x10 ../DaisyExamples/libDaisy//build/libdaisy.a(system.o)
                0x00000000080051f8                SysTick_Handler
 .text.OTG_HS_EP1_OUT_IRQHandler
                0x0000000008005208       0x24 ../DaisyExamples/libDaisy//build/libdaisy.a(system.o)
                0x0000000008005208                OTG_HS_EP1_OUT_IRQHandler
 .text.OTG_HS_EP1_IN_IRQHandler
                0x000000000800522c       0x24 ../DaisyExamples/libDaisy//build/libdaisy.a(system.o)
                0x000000000800522c                OTG_HS_EP1_IN_IRQHandler
 .text.OTG_HS_IRQHandler
                0x0000000008005250       0x24 ../DaisyExamples/libDaisy//build/libdaisy.a(system.o)
                0x0000000008005250                OTG_HS_IRQHandler
 .text.HardFault_Handler
                0x0000000008005274       0xe0 ../DaisyExamples/libDaisy//build/libdaisy.a(system.o)
                0x0000000008005274                HardFault_Handler
 .text._ZN5daisy6System5DelayEm
                0x0000000008005354        0x4 ../DaisyExamples/libDaisy//build/libdaisy.a(system.o)
                0x0000000008005354                daisy::System::Delay(unsigned long)
 .text._ZN5daisy6System20GetBootloaderVersionEv
                0x0000000008005358       0x34 ../DaisyExamples/libDaisy//build/libdaisy.a(system.o)
                0x0000000008005358                daisy::System::GetBootloaderVersion()
 .text._ZN5daisy6System15ConfigureClocksEv
                0x000000000800538c      0x194 ../DaisyExamples/libDaisy//build/libdaisy.a(system.o)
                0x000000000800538c                daisy::System::ConfigureClocks()
 .text._ZN5daisy6System12ConfigureMpuEv
                0x0000000008005520       0x7c ../DaisyExamples/libDaisy//build/libdaisy.a(system.o)
                0x0000000008005520                daisy::System::ConfigureMpu()
 .text._ZN5daisy6System4InitERKNS0_6ConfigE
                0x000000000800559c       0xec ../DaisyExamples/libDaisy//build/libdaisy.a(system.o)
                0x000000000800559c                daisy::System::Init(daisy::System::Config const&)
 .text._ZN5daisy6System12GetPClk1FreqEv
                0x0000000008005688        0x4 ../DaisyExamples/libDaisy//build/libdaisy.a(system.o)
                0x0000000008005688                daisy::System::GetPClk1Freq()
 .text._ZN5daisy6System12GetPClk2FreqEv
                0x000000000800568c        0x4 ../DaisyExamples/libDaisy//build/libdaisy.a(system.o)
                0x000000000800568c                daisy::System::GetPClk2Freq()
 .text._ZN5daisy6System22GetProgramMemoryRegionEv
                0x0000000008005690       0x78 ../DaisyExamples/libDaisy//build/libdaisy.a(system.o)
                0x0000000008005690                daisy::System::GetProgramMemoryRegion()
 .text.startup._GLOBAL__sub_I__ZN5daisy9boot_infoE
                0x0000000008005708       0x1c ../DaisyExamples/libDaisy//build/libdaisy.a(system.o)
 .text.SystemInit
                0x0000000008005724       0x9c ../DaisyExamples/libDaisy//build/libdaisy.a(system_stm32h7xx.o)
                0x0000000008005724                SystemInit
 .text.HAL_PCD_SetupStageCallback
                0x00000000080057c0        0xc ../DaisyExamples/libDaisy//build/libdaisy.a(usbd_conf.o)
                0x00000000080057c0                HAL_PCD_SetupStageCallback
 .text.HAL_PCD_DataOutStageCallback
                0x00000000080057cc       0x14 ../DaisyExamples/libDaisy//build/libdaisy.a(usbd_conf.o)
                0x00000000080057cc                HAL_PCD_DataOutStageCallback
 .text.HAL_PCD_DataInStageCallback
                0x00000000080057e0       0x14 ../DaisyExamples/libDaisy//build/libdaisy.a(usbd_conf.o)
                0x00000000080057e0                HAL_PCD_DataInStageCallback
 .text.HAL_PCD_SOFCallback
                0x00000000080057f4        0x8 ../DaisyExamples/libDaisy//build/libdaisy.a(usbd_conf.o)
                0x00000000080057f4                HAL_PCD_SOFCallback
 .text.HAL_PCD_ResetCallback
                0x00000000080057fc       0x24 ../DaisyExamples/libDaisy//build/libdaisy.a(usbd_conf.o)
                0x00000000080057fc                HAL_PCD_ResetCallback
 .text.HAL_PCD_SuspendCallback
                0x0000000008005820       0x30 ../DaisyExamples/libDaisy//build/libdaisy.a(usbd_conf.o)
                0x0000000008005820                HAL_PCD_SuspendCallback
 .text.HAL_PCD_ResumeCallback
                0x0000000008005850        0x8 ../DaisyExamples/libDaisy//build/libdaisy.a(usbd_conf.o)
                0x0000000008005850                HAL_PCD_ResumeCallback
 .text.HAL_PCD_ISOOUTIncompleteCallback
                0x0000000008005858        0x8 ../DaisyExamples/libDaisy//build/libdaisy.a(usbd_conf.o)
                0x0000000008005858                HAL_PCD_ISOOUTIncompleteCallback
 .text.HAL_PCD_ISOINIncompleteCallback
                0x0000000008005860        0x8 ../DaisyExamples/libDaisy//build/libdaisy.a(usbd_conf.o)
                0x0000000008005860                HAL_PCD_ISOINIncompleteCallback
 .text.HAL_PCD_ConnectCallback
                0x0000000008005868        0x8 ../DaisyExamples/libDaisy//build/libdaisy.a(usbd_conf.o)
                0x0000000008005868                HAL_PCD_ConnectCallback
 .text.HAL_PCD_DisconnectCallback
                0x0000000008005870        0x8 ../DaisyExamples/libDaisy//build/libdaisy.a(usbd_conf.o)
                0x0000000008005870                HAL_PCD_DisconnectCallback
 .text.USBD_LL_OpenEP
                0x0000000008005878       0x24 ../DaisyExamples/libDaisy//build/libdaisy.a(usbd_conf.o)
                0x0000000008005878                USBD_LL_OpenEP
 .text.USBD_LL_StallEP
                0x000000000800589c       0x1c ../DaisyExamples/libDaisy//build/libdaisy.a(usbd_conf.o)
                0x000000000800589c                USBD_LL_StallEP
 .text.USBD_LL_ClearStallEP
                0x00000000080058b8       0x1c ../DaisyExamples/libDaisy//build/libdaisy.a(usbd_conf.o)
                0x00000000080058b8                USBD_LL_ClearStallEP
 .text.USBD_LL_IsStallEP
                0x00000000080058d4       0x28 ../DaisyExamples/libDaisy//build/libdaisy.a(usbd_conf.o)
                0x00000000080058d4                USBD_LL_IsStallEP
 .text.USBD_LL_SetUSBAddress
                0x00000000080058fc       0x1c ../DaisyExamples/libDaisy//build/libdaisy.a(usbd_conf.o)
                0x00000000080058fc                USBD_LL_SetUSBAddress
 .text.USBD_LL_Transmit
                0x0000000008005918       0x1c ../DaisyExamples/libDaisy//build/libdaisy.a(usbd_conf.o)
                0x0000000008005918                USBD_LL_Transmit
 .text.USBD_LL_PrepareReceive
                0x0000000008005934       0x1c ../DaisyExamples/libDaisy//build/libdaisy.a(usbd_conf.o)
                0x0000000008005934                USBD_LL_PrepareReceive
 .text.HAL_HCD_SOF_Callback
                0x0000000008005950        0x8 ../DaisyExamples/libDaisy//build/libdaisy.a(usbh_conf.o)
                0x0000000008005950                HAL_HCD_SOF_Callback
 .text.HAL_HCD_Connect_Callback
                0x0000000008005958        0x8 ../DaisyExamples/libDaisy//build/libdaisy.a(usbh_conf.o)
                0x0000000008005958                HAL_HCD_Connect_Callback
 .text.HAL_HCD_Disconnect_Callback
                0x0000000008005960        0x8 ../DaisyExamples/libDaisy//build/libdaisy.a(usbh_conf.o)
                0x0000000008005960                HAL_HCD_Disconnect_Callback
 .text.HAL_HCD_HC_NotifyURBChange_Callback
                0x0000000008005968        0x4 ../DaisyExamples/libDaisy//build/libdaisy.a(usbh_conf.o)
                0x0000000008005968                HAL_HCD_HC_NotifyURBChange_Callback
 .text.HAL_HCD_PortEnabled_Callback
                0x000000000800596c        0x8 ../DaisyExamples/libDaisy//build/libdaisy.a(usbh_conf.o)
                0x000000000800596c                HAL_HCD_PortEnabled_Callback
 .text.HAL_HCD_PortDisabled_Callback
                0x0000000008005974        0x8 ../DaisyExamples/libDaisy//build/libdaisy.a(usbh_conf.o)
                0x0000000008005974                HAL_HCD_PortDisabled_Callback
 .text.USBH_LL_Stop
                0x000000000800597c       0x1c ../DaisyExamples/libDaisy//build/libdaisy.a(usbh_conf.o)
                0x000000000800597c                USBH_LL_Stop
 .text.dsy_hal_map_get_port
                0x0000000008005998       0x10 ../DaisyExamples/libDaisy//build/libdaisy.a(hal_map.o)
                0x0000000008005998                dsy_hal_map_get_port
 .text.dsy_hal_map_get_pin
                0x00000000080059a8       0x10 ../DaisyExamples/libDaisy//build/libdaisy.a(hal_map.o)
                0x00000000080059a8                dsy_hal_map_get_pin
 .text.dsy_hal_map_gpio_clk_enable
                0x00000000080059b8      0x150 ../DaisyExamples/libDaisy//build/libdaisy.a(hal_map.o)
                0x00000000080059b8                dsy_hal_map_gpio_clk_enable
 .text.HAL_MspInit
                0x0000000008005b08        0x4 ../DaisyExamples/libDaisy//build/libdaisy.a(stm32h7xx_hal.o)
                0x0000000008005b08                HAL_MspInit
 .text.HAL_InitTick
                0x0000000008005b0c       0x4c ../DaisyExamples/libDaisy//build/libdaisy.a(stm32h7xx_hal.o)
                0x0000000008005b0c                HAL_InitTick
 .text.HAL_Init
                0x0000000008005b58       0x60 ../DaisyExamples/libDaisy//build/libdaisy.a(stm32h7xx_hal.o)
                0x0000000008005b58                HAL_Init
 .text.HAL_IncTick
                0x0000000008005bb8       0x18 ../DaisyExamples/libDaisy//build/libdaisy.a(stm32h7xx_hal.o)
                0x0000000008005bb8                HAL_IncTick
 .text.HAL_GetTick
                0x0000000008005bd0        0xc ../DaisyExamples/libDaisy//build/libdaisy.a(stm32h7xx_hal.o)
                0x0000000008005bd0                HAL_GetTick
 .text.HAL_Delay
                0x0000000008005bdc       0x24 ../DaisyExamples/libDaisy//build/libdaisy.a(stm32h7xx_hal.o)
                0x0000000008005bdc                HAL_Delay
 .text.HAL_GetREVID
                0x0000000008005c00        0xc ../DaisyExamples/libDaisy//build/libdaisy.a(stm32h7xx_hal.o)
                0x0000000008005c00                HAL_GetREVID
 .text.HAL_ADC_ConvHalfCpltCallback
                0x0000000008005c0c        0x4 ../DaisyExamples/libDaisy//build/libdaisy.a(stm32h7xx_hal_adc.o)
                0x0000000008005c0c                HAL_ADC_ConvHalfCpltCallback
 .text.ADC_DMAHalfConvCplt
                0x0000000008005c10        0xc ../DaisyExamples/libDaisy//build/libdaisy.a(stm32h7xx_hal_adc.o)
                0x0000000008005c10                ADC_DMAHalfConvCplt
 .text.ADC_DMAConvCplt
                0x0000000008005c1c       0x6c ../DaisyExamples/libDaisy//build/libdaisy.a(stm32h7xx_hal_adc.o)
                0x0000000008005c1c                ADC_DMAConvCplt
 .text.ADC_DMAError
                0x0000000008005c88       0x1c ../DaisyExamples/libDaisy//build/libdaisy.a(stm32h7xx_hal_adc.o)
                0x0000000008005c88                ADC_DMAError
 .text.HAL_ADC_ConfigChannel
                0x0000000008005ca4      0x3fc ../DaisyExamples/libDaisy//build/libdaisy.a(stm32h7xx_hal_adc.o)
                0x0000000008005ca4                HAL_ADC_ConfigChannel
 .text.ADC_Enable
                0x00000000080060a0       0xac ../DaisyExamples/libDaisy//build/libdaisy.a(stm32h7xx_hal_adc.o)
                0x00000000080060a0                ADC_Enable
 .text.HAL_ADC_Start_DMA
                0x000000000800614c      0x114 ../DaisyExamples/libDaisy//build/libdaisy.a(stm32h7xx_hal_adc.o)
                0x000000000800614c                HAL_ADC_Start_DMA
 .text.ADC_Disable
                0x0000000008006260       0x68 ../DaisyExamples/libDaisy//build/libdaisy.a(stm32h7xx_hal_adc.o)
                0x0000000008006260                ADC_Disable
 .text.ADC_ConfigureBoostMode
                0x00000000080062c8      0x184 ../DaisyExamples/libDaisy//build/libdaisy.a(stm32h7xx_hal_adc.o)
                0x00000000080062c8                ADC_ConfigureBoostMode
 .text.HAL_ADC_Init
                0x000000000800644c      0x218 ../DaisyExamples/libDaisy//build/libdaisy.a(stm32h7xx_hal_adc.o)
                0x000000000800644c                HAL_ADC_Init
 .text.HAL_ADCEx_Calibration_Start
                0x0000000008006664       0xa4 ../DaisyExamples/libDaisy//build/libdaisy.a(stm32h7xx_hal_adc_ex.o)
                0x0000000008006664                HAL_ADCEx_Calibration_Start
 .text.HAL_ADCEx_MultiModeConfigChannel
                0x0000000008006708       0xc4 ../DaisyExamples/libDaisy//build/libdaisy.a(stm32h7xx_hal_adc_ex.o)
                0x0000000008006708                HAL_ADCEx_MultiModeConfigChannel
 .text.HAL_NVIC_SetPriorityGrouping
                0x00000000080067cc       0x24 ../DaisyExamples/libDaisy//build/libdaisy.a(stm32h7xx_hal_cortex.o)
                0x00000000080067cc                HAL_NVIC_SetPriorityGrouping
 .text.HAL_NVIC_SetPriority
                0x00000000080067f0       0x7c ../DaisyExamples/libDaisy//build/libdaisy.a(stm32h7xx_hal_cortex.o)
                0x00000000080067f0                HAL_NVIC_SetPriority
 .text.HAL_NVIC_EnableIRQ
                0x000000000800686c       0x1c ../DaisyExamples/libDaisy//build/libdaisy.a(stm32h7xx_hal_cortex.o)
                0x000000000800686c                HAL_NVIC_EnableIRQ
 .text.HAL_NVIC_DisableIRQ
                0x0000000008006888       0x28 ../DaisyExamples/libDaisy//build/libdaisy.a(stm32h7xx_hal_cortex.o)
                0x0000000008006888                HAL_NVIC_DisableIRQ
 .text.HAL_SYSTICK_Config
                0x00000000080068b0       0x2c ../DaisyExamples/libDaisy//build/libdaisy.a(stm32h7xx_hal_cortex.o)
                0x00000000080068b0                HAL_SYSTICK_Config
 .text.HAL_MPU_Disable
                0x00000000080068dc       0x1c ../DaisyExamples/libDaisy//build/libdaisy.a(stm32h7xx_hal_cortex.o)
                0x00000000080068dc                HAL_MPU_Disable
 .text.HAL_MPU_Enable
                0x00000000080068f8       0x20 ../DaisyExamples/libDaisy//build/libdaisy.a(stm32h7xx_hal_cortex.o)
                0x00000000080068f8                HAL_MPU_Enable
 .text.HAL_MPU_ConfigRegion
                0x0000000008006918       0x64 ../DaisyExamples/libDaisy//build/libdaisy.a(stm32h7xx_hal_cortex.o)
                0x0000000008006918                HAL_MPU_ConfigRegion
 .text.HAL_SYSTICK_Callback
                0x000000000800697c        0x4 ../DaisyExamples/libDaisy//build/libdaisy.a(stm32h7xx_hal_cortex.o)
                0x000000000800697c                HAL_SYSTICK_Callback
 .text.HAL_SYSTICK_IRQHandler
                0x0000000008006980        0x8 ../DaisyExamples/libDaisy//build/libdaisy.a(stm32h7xx_hal_cortex.o)
                0x0000000008006980                HAL_SYSTICK_IRQHandler
 .text.HAL_DAC_Init
                0x0000000008006988       0x2c ../DaisyExamples/libDaisy//build/libdaisy.a(stm32h7xx_hal_dac.o)
                0x0000000008006988                HAL_DAC_Init
 .text.HAL_DAC_Start_DMA
                0x00000000080069b4      0x118 ../DaisyExamples/libDaisy//build/libdaisy.a(stm32h7xx_hal_dac.o)
                0x00000000080069b4                HAL_DAC_Start_DMA
 .text.HAL_DAC_Stop_DMA
                0x0000000008006acc       0x5c ../DaisyExamples/libDaisy//build/libdaisy.a(stm32h7xx_hal_dac.o)
                0x0000000008006acc                HAL_DAC_Stop_DMA
 .text.DAC_DMAConvCpltCh1
                0x0000000008006b28       0x10 ../DaisyExamples/libDaisy//build/libdaisy.a(stm32h7xx_hal_dac.o)
 .text.DAC_DMAHalfConvCpltCh1
                0x0000000008006b38        0xc ../DaisyExamples/libDaisy//build/libdaisy.a(stm32h7xx_hal_dac.o)
 .text.HAL_DAC_ErrorCallbackCh1
                0x0000000008006b44        0x4 ../DaisyExamples/libDaisy//build/libdaisy.a(stm32h7xx_hal_dac.o)
                0x0000000008006b44                HAL_DAC_ErrorCallbackCh1
 .text.DAC_DMAErrorCh1
                0x0000000008006b48       0x18 ../DaisyExamples/libDaisy//build/libdaisy.a(stm32h7xx_hal_dac.o)
 .text.HAL_DAC_DMAUnderrunCallbackCh1
                0x0000000008006b60        0x4 ../DaisyExamples/libDaisy//build/libdaisy.a(stm32h7xx_hal_dac.o)
                0x0000000008006b60                HAL_DAC_DMAUnderrunCallbackCh1
 .text.HAL_DAC_IRQHandler
                0x0000000008006b64       0x68 ../DaisyExamples/libDaisy//build/libdaisy.a(stm32h7xx_hal_dac.o)
                0x0000000008006b64                HAL_DAC_IRQHandler
 .text.HAL_DAC_ConfigChannel
                0x0000000008006bcc      0x130 ../DaisyExamples/libDaisy//build/libdaisy.a(stm32h7xx_hal_dac.o)
                0x0000000008006bcc                HAL_DAC_ConfigChannel
 .text.HAL_DACEx_ErrorCallbackCh2
                0x0000000008006cfc        0x4 ../DaisyExamples/libDaisy//build/libdaisy.a(stm32h7xx_hal_dac_ex.o)
                0x0000000008006cfc                HAL_DACEx_ErrorCallbackCh2
 .text.HAL_DACEx_DMAUnderrunCallbackCh2
                0x0000000008006d00        0x4 ../DaisyExamples/libDaisy//build/libdaisy.a(stm32h7xx_hal_dac_ex.o)
                0x0000000008006d00                HAL_DACEx_DMAUnderrunCallbackCh2
 .text.DAC_DMAConvCpltCh2
                0x0000000008006d04       0x10 ../DaisyExamples/libDaisy//build/libdaisy.a(stm32h7xx_hal_dac_ex.o)
                0x0000000008006d04                DAC_DMAConvCpltCh2
 .text.DAC_DMAHalfConvCpltCh2
                0x0000000008006d14        0xc ../DaisyExamples/libDaisy//build/libdaisy.a(stm32h7xx_hal_dac_ex.o)
                0x0000000008006d14                DAC_DMAHalfConvCpltCh2
 .text.DAC_DMAErrorCh2
                0x0000000008006d20       0x18 ../DaisyExamples/libDaisy//build/libdaisy.a(stm32h7xx_hal_dac_ex.o)
                0x0000000008006d20                DAC_DMAErrorCh2
 .text.DMA_CalcBaseAndBitshift
                0x0000000008006d38       0xf4 ../DaisyExamples/libDaisy//build/libdaisy.a(stm32h7xx_hal_dma.o)
 .text.DMA_CalcDMAMUXChannelBaseAndMask
                0x0000000008006e2c       0xd8 ../DaisyExamples/libDaisy//build/libdaisy.a(stm32h7xx_hal_dma.o)
 .text.HAL_DMA_Init
                0x0000000008006f04      0x37c ../DaisyExamples/libDaisy//build/libdaisy.a(stm32h7xx_hal_dma.o)
                0x0000000008006f04                HAL_DMA_Init
 .text.HAL_DMA_Start_IT
                0x0000000008007280      0x240 ../DaisyExamples/libDaisy//build/libdaisy.a(stm32h7xx_hal_dma.o)
                0x0000000008007280                HAL_DMA_Start_IT
 .text.HAL_DMA_Abort
                0x00000000080074c0      0x21c ../DaisyExamples/libDaisy//build/libdaisy.a(stm32h7xx_hal_dma.o)
                0x00000000080074c0                HAL_DMA_Abort
 .text.HAL_DMA_Abort_IT
                0x00000000080076dc      0x134 ../DaisyExamples/libDaisy//build/libdaisy.a(stm32h7xx_hal_dma.o)
                0x00000000080076dc                HAL_DMA_Abort_IT
 .text.HAL_DMA_IRQHandler
                0x0000000008007810      0x6a0 ../DaisyExamples/libDaisy//build/libdaisy.a(stm32h7xx_hal_dma.o)
                0x0000000008007810                HAL_DMA_IRQHandler
 .text.HAL_DMA_GetError
                0x0000000008007eb0        0x4 ../DaisyExamples/libDaisy//build/libdaisy.a(stm32h7xx_hal_dma.o)
                0x0000000008007eb0                HAL_DMA_GetError
 .text.HAL_GPIO_Init
                0x0000000008007eb4      0x280 ../DaisyExamples/libDaisy//build/libdaisy.a(stm32h7xx_hal_gpio.o)
                0x0000000008007eb4                HAL_GPIO_Init
 .text.HAL_GPIO_DeInit
                0x0000000008008134      0x190 ../DaisyExamples/libDaisy//build/libdaisy.a(stm32h7xx_hal_gpio.o)
                0x0000000008008134                HAL_GPIO_DeInit
 .text.HAL_GPIO_WritePin
                0x00000000080082c4        0x8 ../DaisyExamples/libDaisy//build/libdaisy.a(stm32h7xx_hal_gpio.o)
                0x00000000080082c4                HAL_GPIO_WritePin
 .text.HAL_HCD_IRQHandler
                0x00000000080082cc      0x780 ../DaisyExamples/libDaisy//build/libdaisy.a(stm32h7xx_hal_hcd.o)
                0x00000000080082cc                HAL_HCD_IRQHandler
 .text.HAL_HCD_Stop
                0x0000000008008a4c       0x28 ../DaisyExamples/libDaisy//build/libdaisy.a(stm32h7xx_hal_hcd.o)
                0x0000000008008a4c                HAL_HCD_Stop
 .text.I2C_WaitOnTXISFlagUntilTimeout
                0x0000000008008a74       0xb8 ../DaisyExamples/libDaisy//build/libdaisy.a(stm32h7xx_hal_i2c.o)
 .text.I2C_WaitOnSTOPFlagUntilTimeout
                0x0000000008008b2c       0xac ../DaisyExamples/libDaisy//build/libdaisy.a(stm32h7xx_hal_i2c.o)
 .text.HAL_I2C_Init
                0x0000000008008bd8       0xac ../DaisyExamples/libDaisy//build/libdaisy.a(stm32h7xx_hal_i2c.o)
                0x0000000008008bd8                HAL_I2C_Init
 .text.HAL_I2C_Mem_Write
                0x0000000008008c84      0x254 ../DaisyExamples/libDaisy//build/libdaisy.a(stm32h7xx_hal_i2c.o)
                0x0000000008008c84                HAL_I2C_Mem_Write
 .text.HAL_I2C_Mem_Read
                0x0000000008008ed8      0x29c ../DaisyExamples/libDaisy//build/libdaisy.a(stm32h7xx_hal_i2c.o)
                0x0000000008008ed8                HAL_I2C_Mem_Read
 .text.HAL_I2C_EV_IRQHandler
                0x0000000008009174       0x10 ../DaisyExamples/libDaisy//build/libdaisy.a(stm32h7xx_hal_i2c.o)
                0x0000000008009174                HAL_I2C_EV_IRQHandler
 .text.HAL_I2C_GetState
                0x0000000008009184        0x8 ../DaisyExamples/libDaisy//build/libdaisy.a(stm32h7xx_hal_i2c.o)
                0x0000000008009184                HAL_I2C_GetState
 .text.HAL_I2CEx_ConfigAnalogFilter
                0x000000000800918c       0x54 ../DaisyExamples/libDaisy//build/libdaisy.a(stm32h7xx_hal_i2c_ex.o)
                0x000000000800918c                HAL_I2CEx_ConfigAnalogFilter
 .text.HAL_I2CEx_ConfigDigitalFilter
                0x00000000080091e0       0x58 ../DaisyExamples/libDaisy//build/libdaisy.a(stm32h7xx_hal_i2c_ex.o)
                0x00000000080091e0                HAL_I2CEx_ConfigDigitalFilter
 .text.HAL_PCD_IRQHandler
                0x0000000008009238      0x69c ../DaisyExamples/libDaisy//build/libdaisy.a(stm32h7xx_hal_pcd.o)
                0x0000000008009238                HAL_PCD_IRQHandler
 .text.HAL_PCD_SetAddress
                0x00000000080098d4       0x2c ../DaisyExamples/libDaisy//build/libdaisy.a(stm32h7xx_hal_pcd.o)
                0x00000000080098d4                HAL_PCD_SetAddress
 .text.HAL_PCD_EP_Open
                0x0000000008009900       0x7c ../DaisyExamples/libDaisy//build/libdaisy.a(stm32h7xx_hal_pcd.o)
                0x0000000008009900                HAL_PCD_EP_Open
 .text.HAL_PCD_EP_Receive
                0x000000000800997c       0x50 ../DaisyExamples/libDaisy//build/libdaisy.a(stm32h7xx_hal_pcd.o)
                0x000000000800997c                HAL_PCD_EP_Receive
 .text.HAL_PCD_EP_Transmit
                0x00000000080099cc       0x50 ../DaisyExamples/libDaisy//build/libdaisy.a(stm32h7xx_hal_pcd.o)
                0x00000000080099cc                HAL_PCD_EP_Transmit
 .text.HAL_PCD_EP_SetStall
                0x0000000008009a1c       0x88 ../DaisyExamples/libDaisy//build/libdaisy.a(stm32h7xx_hal_pcd.o)
                0x0000000008009a1c                HAL_PCD_EP_SetStall
 .text.HAL_PCD_EP_ClrStall
                0x0000000008009aa4       0x78 ../DaisyExamples/libDaisy//build/libdaisy.a(stm32h7xx_hal_pcd.o)
                0x0000000008009aa4                HAL_PCD_EP_ClrStall
 .text.HAL_PCDEx_LPM_Callback
                0x0000000008009b1c        0x4 ../DaisyExamples/libDaisy//build/libdaisy.a(stm32h7xx_hal_pcd_ex.o)
                0x0000000008009b1c                HAL_PCDEx_LPM_Callback
 .text.HAL_PWREx_ConfigSupply
                0x0000000008009b20       0x4c ../DaisyExamples/libDaisy//build/libdaisy.a(stm32h7xx_hal_pwr_ex.o)
                0x0000000008009b20                HAL_PWREx_ConfigSupply
 .text.HAL_PWREx_EnableUSBVoltageDetector
                0x0000000008009b6c       0x10 ../DaisyExamples/libDaisy//build/libdaisy.a(stm32h7xx_hal_pwr_ex.o)
                0x0000000008009b6c                HAL_PWREx_EnableUSBVoltageDetector
 .text.QSPI_Config
                0x0000000008009b7c      0x174 ../DaisyExamples/libDaisy//build/libdaisy.a(stm32h7xx_hal_qspi.o)
 .text.HAL_QSPI_Init
                0x0000000008009cf0       0xd8 ../DaisyExamples/libDaisy//build/libdaisy.a(stm32h7xx_hal_qspi.o)
                0x0000000008009cf0                HAL_QSPI_Init
 .text.HAL_QSPI_DeInit
                0x0000000008009dc8       0x3c ../DaisyExamples/libDaisy//build/libdaisy.a(stm32h7xx_hal_qspi.o)
                0x0000000008009dc8                HAL_QSPI_DeInit
 .text.HAL_QSPI_Command
                0x0000000008009e04       0xd4 ../DaisyExamples/libDaisy//build/libdaisy.a(stm32h7xx_hal_qspi.o)
                0x0000000008009e04                HAL_QSPI_Command
 .text.HAL_QSPI_Transmit
                0x0000000008009ed8       0xfc ../DaisyExamples/libDaisy//build/libdaisy.a(stm32h7xx_hal_qspi.o)
                0x0000000008009ed8                HAL_QSPI_Transmit
 .text.HAL_QSPI_Receive
                0x0000000008009fd4      0x108 ../DaisyExamples/libDaisy//build/libdaisy.a(stm32h7xx_hal_qspi.o)
                0x0000000008009fd4                HAL_QSPI_Receive
 .text.HAL_QSPI_AutoPolling
                0x000000000800a0dc       0xf0 ../DaisyExamples/libDaisy//build/libdaisy.a(stm32h7xx_hal_qspi.o)
                0x000000000800a0dc                HAL_QSPI_AutoPolling
 .text.HAL_QSPI_MemoryMapped
                0x000000000800a1cc       0xc0 ../DaisyExamples/libDaisy//build/libdaisy.a(stm32h7xx_hal_qspi.o)
                0x000000000800a1cc                HAL_QSPI_MemoryMapped
 .text.HAL_QSPI_ErrorCallback
                0x000000000800a28c        0x4 ../DaisyExamples/libDaisy//build/libdaisy.a(stm32h7xx_hal_qspi.o)
                0x000000000800a28c                HAL_QSPI_ErrorCallback
 .text.QSPI_DMAAbortCplt
                0x000000000800a290       0x38 ../DaisyExamples/libDaisy//build/libdaisy.a(stm32h7xx_hal_qspi.o)
 .text.HAL_QSPI_AbortCpltCallback
                0x000000000800a2c8        0x4 ../DaisyExamples/libDaisy//build/libdaisy.a(stm32h7xx_hal_qspi.o)
                0x000000000800a2c8                HAL_QSPI_AbortCpltCallback
 .text.HAL_QSPI_CmdCpltCallback
                0x000000000800a2cc        0x4 ../DaisyExamples/libDaisy//build/libdaisy.a(stm32h7xx_hal_qspi.o)
                0x000000000800a2cc                HAL_QSPI_CmdCpltCallback
 .text.HAL_QSPI_RxCpltCallback
                0x000000000800a2d0        0x4 ../DaisyExamples/libDaisy//build/libdaisy.a(stm32h7xx_hal_qspi.o)
                0x000000000800a2d0                HAL_QSPI_RxCpltCallback
 .text.HAL_QSPI_TxCpltCallback
                0x000000000800a2d4        0x4 ../DaisyExamples/libDaisy//build/libdaisy.a(stm32h7xx_hal_qspi.o)
                0x000000000800a2d4                HAL_QSPI_TxCpltCallback
 .text.HAL_QSPI_FifoThresholdCallback
                0x000000000800a2d8        0x4 ../DaisyExamples/libDaisy//build/libdaisy.a(stm32h7xx_hal_qspi.o)
                0x000000000800a2d8                HAL_QSPI_FifoThresholdCallback
 .text.HAL_QSPI_StatusMatchCallback
                0x000000000800a2dc        0x4 ../DaisyExamples/libDaisy//build/libdaisy.a(stm32h7xx_hal_qspi.o)
                0x000000000800a2dc                HAL_QSPI_StatusMatchCallback
 .text.HAL_QSPI_TimeOutCallback
                0x000000000800a2e0        0x4 ../DaisyExamples/libDaisy//build/libdaisy.a(stm32h7xx_hal_qspi.o)
                0x000000000800a2e0                HAL_QSPI_TimeOutCallback
 .text.HAL_QSPI_IRQHandler
                0x000000000800a2e4      0x210 ../DaisyExamples/libDaisy//build/libdaisy.a(stm32h7xx_hal_qspi.o)
                0x000000000800a2e4                HAL_QSPI_IRQHandler
 .text.HAL_RCC_OscConfig
                0x000000000800a4f4      0x51c ../DaisyExamples/libDaisy//build/libdaisy.a(stm32h7xx_hal_rcc.o)
                0x000000000800a4f4                HAL_RCC_OscConfig
 .text.HAL_RCC_GetSysClockFreq
                0x000000000800aa10      0x140 ../DaisyExamples/libDaisy//build/libdaisy.a(stm32h7xx_hal_rcc.o)
                0x000000000800aa10                HAL_RCC_GetSysClockFreq
 .text.HAL_RCC_ClockConfig
                0x000000000800ab50      0x234 ../DaisyExamples/libDaisy//build/libdaisy.a(stm32h7xx_hal_rcc.o)
                0x000000000800ab50                HAL_RCC_ClockConfig
 .text.HAL_RCC_GetHCLKFreq
                0x000000000800ad84       0x2c ../DaisyExamples/libDaisy//build/libdaisy.a(stm32h7xx_hal_rcc.o)
                0x000000000800ad84                HAL_RCC_GetHCLKFreq
 .text.HAL_RCC_GetPCLK1Freq
                0x000000000800adb0       0x38 ../DaisyExamples/libDaisy//build/libdaisy.a(stm32h7xx_hal_rcc.o)
                0x000000000800adb0                HAL_RCC_GetPCLK1Freq
 .text.HAL_RCC_GetPCLK2Freq
                0x000000000800ade8       0x38 ../DaisyExamples/libDaisy//build/libdaisy.a(stm32h7xx_hal_rcc.o)
                0x000000000800ade8                HAL_RCC_GetPCLK2Freq
 .text.RCCEx_PLL2_Config
                0x000000000800ae20       0xf4 ../DaisyExamples/libDaisy//build/libdaisy.a(stm32h7xx_hal_rcc_ex.o)
 .text.RCCEx_PLL3_Config
                0x000000000800af14       0xf4 ../DaisyExamples/libDaisy//build/libdaisy.a(stm32h7xx_hal_rcc_ex.o)
 .text.HAL_RCCEx_PeriphCLKConfig
                0x000000000800b008      0xa7c ../DaisyExamples/libDaisy//build/libdaisy.a(stm32h7xx_hal_rcc_ex.o)
                0x000000000800b008                HAL_RCCEx_PeriphCLKConfig
 .text.HAL_RCCEx_GetD3PCLK1Freq
                0x000000000800ba84       0x24 ../DaisyExamples/libDaisy//build/libdaisy.a(stm32h7xx_hal_rcc_ex.o)
                0x000000000800ba84                HAL_RCCEx_GetD3PCLK1Freq
 .text.HAL_RCCEx_GetPLL2ClockFreq
                0x000000000800baa8      0x17c ../DaisyExamples/libDaisy//build/libdaisy.a(stm32h7xx_hal_rcc_ex.o)
                0x000000000800baa8                HAL_RCCEx_GetPLL2ClockFreq
 .text.HAL_RCCEx_GetPLL3ClockFreq
                0x000000000800bc24      0x17c ../DaisyExamples/libDaisy//build/libdaisy.a(stm32h7xx_hal_rcc_ex.o)
                0x000000000800bc24                HAL_RCCEx_GetPLL3ClockFreq
 .text.HAL_RCCEx_GetPLL1ClockFreq
                0x000000000800bda0      0x17c ../DaisyExamples/libDaisy//build/libdaisy.a(stm32h7xx_hal_rcc_ex.o)
                0x000000000800bda0                HAL_RCCEx_GetPLL1ClockFreq
 .text.HAL_RCCEx_GetPeriphCLKFreq
                0x000000000800bf1c      0x198 ../DaisyExamples/libDaisy//build/libdaisy.a(stm32h7xx_hal_rcc_ex.o)
                0x000000000800bf1c                HAL_RCCEx_GetPeriphCLKFreq
 .text.HAL_RCCEx_GetD1SysClockFreq
                0x000000000800c0b4       0x2c ../DaisyExamples/libDaisy//build/libdaisy.a(stm32h7xx_hal_rcc_ex.o)
                0x000000000800c0b4                HAL_RCCEx_GetD1SysClockFreq
 .text.HAL_SAI_Init.part.0
                0x000000000800c0e0      0x348 ../DaisyExamples/libDaisy//build/libdaisy.a(stm32h7xx_hal_sai.o)
 .text.HAL_SAI_InitProtocol
                0x000000000800c428      0x178 ../DaisyExamples/libDaisy//build/libdaisy.a(stm32h7xx_hal_sai.o)
                0x000000000800c428                HAL_SAI_InitProtocol
 .text.HAL_SAI_Transmit_DMA
                0x000000000800c5a0      0x124 ../DaisyExamples/libDaisy//build/libdaisy.a(stm32h7xx_hal_sai.o)
                0x000000000800c5a0                HAL_SAI_Transmit_DMA
 .text.HAL_SAI_Receive_DMA
                0x000000000800c6c4       0xd0 ../DaisyExamples/libDaisy//build/libdaisy.a(stm32h7xx_hal_sai.o)
                0x000000000800c6c4                HAL_SAI_Receive_DMA
 .text.HAL_SAI_TxCpltCallback
                0x000000000800c794        0x4 ../DaisyExamples/libDaisy//build/libdaisy.a(stm32h7xx_hal_sai.o)
                0x000000000800c794                HAL_SAI_TxCpltCallback
 .text.SAI_DMATxCplt
                0x000000000800c798       0x64 ../DaisyExamples/libDaisy//build/libdaisy.a(stm32h7xx_hal_sai.o)
 .text.HAL_SAI_TxHalfCpltCallback
                0x000000000800c7fc        0x4 ../DaisyExamples/libDaisy//build/libdaisy.a(stm32h7xx_hal_sai.o)
                0x000000000800c7fc                HAL_SAI_TxHalfCpltCallback
 .text.SAI_DMATxHalfCplt
                0x000000000800c800        0xc ../DaisyExamples/libDaisy//build/libdaisy.a(stm32h7xx_hal_sai.o)
 .text.SAI_DMARxCplt
                0x000000000800c80c       0x64 ../DaisyExamples/libDaisy//build/libdaisy.a(stm32h7xx_hal_sai.o)
 .text.SAI_DMARxHalfCplt
                0x000000000800c870        0xc ../DaisyExamples/libDaisy//build/libdaisy.a(stm32h7xx_hal_sai.o)
 .text.HAL_SAI_ErrorCallback
                0x000000000800c87c        0x4 ../DaisyExamples/libDaisy//build/libdaisy.a(stm32h7xx_hal_sai.o)
                0x000000000800c87c                HAL_SAI_ErrorCallback
 .text.SAI_DMAError
                0x000000000800c880       0x6c ../DaisyExamples/libDaisy//build/libdaisy.a(stm32h7xx_hal_sai.o)
 .text.HAL_SDRAM_Init
                0x000000000800c8ec       0x54 ../DaisyExamples/libDaisy//build/libdaisy.a(stm32h7xx_hal_sdram.o)
                0x000000000800c8ec                HAL_SDRAM_Init
 .text.HAL_SDRAM_SendCommand
                0x000000000800c940       0x40 ../DaisyExamples/libDaisy//build/libdaisy.a(stm32h7xx_hal_sdram.o)
                0x000000000800c940                HAL_SDRAM_SendCommand
 .text.HAL_SDRAM_ProgramRefreshRate
                0x000000000800c980       0x30 ../DaisyExamples/libDaisy//build/libdaisy.a(stm32h7xx_hal_sdram.o)
                0x000000000800c980                HAL_SDRAM_ProgramRefreshRate
 .text.HAL_TIM_Base_Init
                0x000000000800c9b0      0x140 ../DaisyExamples/libDaisy//build/libdaisy.a(stm32h7xx_hal_tim.o)
                0x000000000800c9b0                HAL_TIM_Base_Init
 .text.HAL_TIM_Base_Start
                0x000000000800caf0       0x34 ../DaisyExamples/libDaisy//build/libdaisy.a(stm32h7xx_hal_tim.o)
                0x000000000800caf0                HAL_TIM_Base_Start
 .text.HAL_TIM_Base_Start_IT
                0x000000000800cb24       0x2c ../DaisyExamples/libDaisy//build/libdaisy.a(stm32h7xx_hal_tim.o)
                0x000000000800cb24                HAL_TIM_Base_Start_IT
 .text.HAL_TIM_ConfigClockSource
                0x000000000800cb50      0x17c ../DaisyExamples/libDaisy//build/libdaisy.a(stm32h7xx_hal_tim.o)
                0x000000000800cb50                HAL_TIM_ConfigClockSource
 .text.HAL_TIM_OC_DelayElapsedCallback
                0x000000000800cccc        0x4 ../DaisyExamples/libDaisy//build/libdaisy.a(stm32h7xx_hal_tim.o)
                0x000000000800cccc                HAL_TIM_OC_DelayElapsedCallback
 .text.HAL_TIM_IC_CaptureCallback
                0x000000000800ccd0        0x4 ../DaisyExamples/libDaisy//build/libdaisy.a(stm32h7xx_hal_tim.o)
                0x000000000800ccd0                HAL_TIM_IC_CaptureCallback
 .text.HAL_TIM_PWM_PulseFinishedCallback
                0x000000000800ccd4        0x4 ../DaisyExamples/libDaisy//build/libdaisy.a(stm32h7xx_hal_tim.o)
                0x000000000800ccd4                HAL_TIM_PWM_PulseFinishedCallback
 .text.HAL_TIM_TriggerCallback
                0x000000000800ccd8        0x4 ../DaisyExamples/libDaisy//build/libdaisy.a(stm32h7xx_hal_tim.o)
                0x000000000800ccd8                HAL_TIM_TriggerCallback
 .text.HAL_TIM_IRQHandler
                0x000000000800ccdc      0x170 ../DaisyExamples/libDaisy//build/libdaisy.a(stm32h7xx_hal_tim.o)
                0x000000000800ccdc                HAL_TIM_IRQHandler
 .text.HAL_TIMEx_MasterConfigSynchronization
                0x000000000800ce4c       0x64 ../DaisyExamples/libDaisy//build/libdaisy.a(stm32h7xx_hal_tim_ex.o)
                0x000000000800ce4c                HAL_TIMEx_MasterConfigSynchronization
 .text.HAL_TIMEx_CommutCallback
                0x000000000800ceb0        0x4 ../DaisyExamples/libDaisy//build/libdaisy.a(stm32h7xx_hal_tim_ex.o)
                0x000000000800ceb0                HAL_TIMEx_CommutCallback
 .text.HAL_TIMEx_BreakCallback
                0x000000000800ceb4        0x4 ../DaisyExamples/libDaisy//build/libdaisy.a(stm32h7xx_hal_tim_ex.o)
                0x000000000800ceb4                HAL_TIMEx_BreakCallback
 .text.HAL_TIMEx_Break2Callback
                0x000000000800ceb8        0x4 ../DaisyExamples/libDaisy//build/libdaisy.a(stm32h7xx_hal_tim_ex.o)
                0x000000000800ceb8                HAL_TIMEx_Break2Callback
 .text.FMC_SDRAM_Init
                0x000000000800cebc       0x7c ../DaisyExamples/libDaisy//build/libdaisy.a(stm32h7xx_ll_fmc.o)
                0x000000000800cebc                FMC_SDRAM_Init
 .text.FMC_SDRAM_Timing_Init
                0x000000000800cf38       0x98 ../DaisyExamples/libDaisy//build/libdaisy.a(stm32h7xx_ll_fmc.o)
                0x000000000800cf38                FMC_SDRAM_Timing_Init
 .text.FMC_SDRAM_SendCommand
                0x000000000800cfd0       0x28 ../DaisyExamples/libDaisy//build/libdaisy.a(stm32h7xx_ll_fmc.o)
                0x000000000800cfd0                FMC_SDRAM_SendCommand
 .text.FMC_SDRAM_ProgramRefreshRate
                0x000000000800cff8       0x1c ../DaisyExamples/libDaisy//build/libdaisy.a(stm32h7xx_ll_fmc.o)
                0x000000000800cff8                FMC_SDRAM_ProgramRefreshRate
 .text.USB_SetTurnaroundTime
                0x000000000800d014      0x104 ../DaisyExamples/libDaisy//build/libdaisy.a(stm32h7xx_ll_usb.o)
                0x000000000800d014                USB_SetTurnaroundTime
 .text.USB_FlushTxFifo
                0x000000000800d118       0x34 ../DaisyExamples/libDaisy//build/libdaisy.a(stm32h7xx_ll_usb.o)
                0x000000000800d118                USB_FlushTxFifo
 .text.USB_GetDevSpeed
                0x000000000800d14c       0x24 ../DaisyExamples/libDaisy//build/libdaisy.a(stm32h7xx_ll_usb.o)
                0x000000000800d14c                USB_GetDevSpeed
 .text.USB_ActivateEndpoint
                0x000000000800d170       0x90 ../DaisyExamples/libDaisy//build/libdaisy.a(stm32h7xx_ll_usb.o)
                0x000000000800d170                USB_ActivateEndpoint
 .text.USB_EPStartXfer
                0x000000000800d200      0x230 ../DaisyExamples/libDaisy//build/libdaisy.a(stm32h7xx_ll_usb.o)
                0x000000000800d200                USB_EPStartXfer
 .text.USB_EP0StartXfer
                0x000000000800d430      0x174 ../DaisyExamples/libDaisy//build/libdaisy.a(stm32h7xx_ll_usb.o)
                0x000000000800d430                USB_EP0StartXfer
 .text.USB_WritePacket
                0x000000000800d5a4       0x2c ../DaisyExamples/libDaisy//build/libdaisy.a(stm32h7xx_ll_usb.o)
                0x000000000800d5a4                USB_WritePacket
 .text.USB_ReadPacket
                0x000000000800d5d0       0x20 ../DaisyExamples/libDaisy//build/libdaisy.a(stm32h7xx_ll_usb.o)
                0x000000000800d5d0                USB_ReadPacket
 .text.USB_EPSetStall
                0x000000000800d5f0       0x68 ../DaisyExamples/libDaisy//build/libdaisy.a(stm32h7xx_ll_usb.o)
                0x000000000800d5f0                USB_EPSetStall
 .text.USB_EPClearStall
                0x000000000800d658       0x58 ../DaisyExamples/libDaisy//build/libdaisy.a(stm32h7xx_ll_usb.o)
                0x000000000800d658                USB_EPClearStall
 .text.USB_SetDevAddress
                0x000000000800d6b0       0x24 ../DaisyExamples/libDaisy//build/libdaisy.a(stm32h7xx_ll_usb.o)
                0x000000000800d6b0                USB_SetDevAddress
 .text.USB_ReadInterrupts
                0x000000000800d6d4       0x14 ../DaisyExamples/libDaisy//build/libdaisy.a(stm32h7xx_ll_usb.o)
                0x000000000800d6d4                USB_ReadInterrupts
 .text.USB_ReadDevAllOutEpInterrupt
                0x000000000800d6e8       0x1c ../DaisyExamples/libDaisy//build/libdaisy.a(stm32h7xx_ll_usb.o)
                0x000000000800d6e8                USB_ReadDevAllOutEpInterrupt
 .text.USB_ReadDevAllInEpInterrupt
                0x000000000800d704       0x1c ../DaisyExamples/libDaisy//build/libdaisy.a(stm32h7xx_ll_usb.o)
                0x000000000800d704                USB_ReadDevAllInEpInterrupt
 .text.USB_ReadDevOutEPInterrupt
                0x000000000800d720       0x1c ../DaisyExamples/libDaisy//build/libdaisy.a(stm32h7xx_ll_usb.o)
                0x000000000800d720                USB_ReadDevOutEPInterrupt
 .text.USB_ReadDevInEPInterrupt
                0x000000000800d73c       0x38 ../DaisyExamples/libDaisy//build/libdaisy.a(stm32h7xx_ll_usb.o)
                0x000000000800d73c                USB_ReadDevInEPInterrupt
 .text.USB_GetMode
                0x000000000800d774        0x8 ../DaisyExamples/libDaisy//build/libdaisy.a(stm32h7xx_ll_usb.o)
                0x000000000800d774                USB_GetMode
 .text.USB_ActivateSetup
                0x000000000800d77c       0x38 ../DaisyExamples/libDaisy//build/libdaisy.a(stm32h7xx_ll_usb.o)
                0x000000000800d77c                USB_ActivateSetup
 .text.USB_EP0_OutStart
                0x000000000800d7b4       0x58 ../DaisyExamples/libDaisy//build/libdaisy.a(stm32h7xx_ll_usb.o)
                0x000000000800d7b4                USB_EP0_OutStart
 .text.USB_InitFSLSPClkSel
                0x000000000800d80c       0x44 ../DaisyExamples/libDaisy//build/libdaisy.a(stm32h7xx_ll_usb.o)
                0x000000000800d80c                USB_InitFSLSPClkSel
 .text.USB_HC_ReadInterrupt
                0x000000000800d850        0x8 ../DaisyExamples/libDaisy//build/libdaisy.a(stm32h7xx_ll_usb.o)
                0x000000000800d850                USB_HC_ReadInterrupt
 .text.USB_HC_Halt
                0x000000000800d858       0xc0 ../DaisyExamples/libDaisy//build/libdaisy.a(stm32h7xx_ll_usb.o)
                0x000000000800d858                USB_HC_Halt
 .text.USB_StopHost
                0x000000000800d918      0x2ec ../DaisyExamples/libDaisy//build/libdaisy.a(stm32h7xx_ll_usb.o)
                0x000000000800d918                USB_StopHost
 .text.USBD_SetClassConfig
                0x000000000800dc04       0x14 ../DaisyExamples/libDaisy//build/libdaisy.a(usbd_core.o)
                0x000000000800dc04                USBD_SetClassConfig
 .text.USBD_ClrClassConfig
                0x000000000800dc18       0x10 ../DaisyExamples/libDaisy//build/libdaisy.a(usbd_core.o)
                0x000000000800dc18                USBD_ClrClassConfig
 .text.USBD_LL_SetupStage
                0x000000000800dc28       0x5c ../DaisyExamples/libDaisy//build/libdaisy.a(usbd_core.o)
                0x000000000800dc28                USBD_LL_SetupStage
 .text.USBD_LL_DataOutStage
                0x000000000800dc84       0x7c ../DaisyExamples/libDaisy//build/libdaisy.a(usbd_core.o)
                0x000000000800dc84                USBD_LL_DataOutStage
 .text.USBD_LL_DataInStage
                0x000000000800dd00       0xcc ../DaisyExamples/libDaisy//build/libdaisy.a(usbd_core.o)
                0x000000000800dd00                USBD_LL_DataInStage
 .text.USBD_LL_Reset
                0x000000000800ddcc       0x50 ../DaisyExamples/libDaisy//build/libdaisy.a(usbd_core.o)
                0x000000000800ddcc                USBD_LL_Reset
 .text.USBD_LL_SetSpeed
                0x000000000800de1c        0x8 ../DaisyExamples/libDaisy//build/libdaisy.a(usbd_core.o)
                0x000000000800de1c                USBD_LL_SetSpeed
 .text.USBD_LL_Suspend
                0x000000000800de24       0x14 ../DaisyExamples/libDaisy//build/libdaisy.a(usbd_core.o)
                0x000000000800de24                USBD_LL_Suspend
 .text.USBD_LL_Resume
                0x000000000800de38       0x10 ../DaisyExamples/libDaisy//build/libdaisy.a(usbd_core.o)
                0x000000000800de38                USBD_LL_Resume
 .text.USBD_LL_SOF
                0x000000000800de48       0x1c ../DaisyExamples/libDaisy//build/libdaisy.a(usbd_core.o)
                0x000000000800de48                USBD_LL_SOF
 .text.USBD_LL_IsoINIncomplete
                0x000000000800de64        0x4 ../DaisyExamples/libDaisy//build/libdaisy.a(usbd_core.o)
                0x000000000800de64                USBD_LL_IsoINIncomplete
 .text.USBD_LL_IsoOUTIncomplete
                0x000000000800de68        0x4 ../DaisyExamples/libDaisy//build/libdaisy.a(usbd_core.o)
                0x000000000800de68                USBD_LL_IsoOUTIncomplete
 .text.USBD_LL_DevConnected
                0x000000000800de6c        0x4 ../DaisyExamples/libDaisy//build/libdaisy.a(usbd_core.o)
                0x000000000800de6c                USBD_LL_DevConnected
 .text.USBD_LL_DevDisconnected
                0x000000000800de70       0x18 ../DaisyExamples/libDaisy//build/libdaisy.a(usbd_core.o)
                0x000000000800de70                USBD_LL_DevDisconnected
 .text.USBD_StdDevReq
                0x000000000800de88      0x304 ../DaisyExamples/libDaisy//build/libdaisy.a(usbd_ctlreq.o)
                0x000000000800de88                USBD_StdDevReq
 .text.USBD_StdItfReq
                0x000000000800e18c       0x68 ../DaisyExamples/libDaisy//build/libdaisy.a(usbd_ctlreq.o)
                0x000000000800e18c                USBD_StdItfReq
 .text.USBD_StdEPReq
                0x000000000800e1f4      0x13c ../DaisyExamples/libDaisy//build/libdaisy.a(usbd_ctlreq.o)
                0x000000000800e1f4                USBD_StdEPReq
 .text.USBD_ParseSetupRequest
                0x000000000800e330       0x28 ../DaisyExamples/libDaisy//build/libdaisy.a(usbd_ctlreq.o)
                0x000000000800e330                USBD_ParseSetupRequest
 .text.USBD_CtlSendData
                0x000000000800e358       0x1c ../DaisyExamples/libDaisy//build/libdaisy.a(usbd_ioreq.o)
                0x000000000800e358                USBD_CtlSendData
 .text.USBD_CtlContinueSendData
                0x000000000800e374       0x14 ../DaisyExamples/libDaisy//build/libdaisy.a(usbd_ioreq.o)
                0x000000000800e374                USBD_CtlContinueSendData
 .text.USBD_CtlContinueRx
                0x000000000800e388       0x14 ../DaisyExamples/libDaisy//build/libdaisy.a(usbd_ioreq.o)
                0x000000000800e388                USBD_CtlContinueRx
 .text.USBD_CtlSendStatus
                0x000000000800e39c       0x18 ../DaisyExamples/libDaisy//build/libdaisy.a(usbd_ioreq.o)
                0x000000000800e39c                USBD_CtlSendStatus
 .text.USBD_CtlReceiveStatus
                0x000000000800e3b4       0x18 ../DaisyExamples/libDaisy//build/libdaisy.a(usbd_ioreq.o)
                0x000000000800e3b4                USBD_CtlReceiveStatus
 .text.USBH_LL_IncTimer
                0x000000000800e3cc       0x20 ../DaisyExamples/libDaisy//build/libdaisy.a(usbh_core.o)
                0x000000000800e3cc                USBH_LL_IncTimer
 .text.USBH_LL_PortEnabled
                0x000000000800e3ec        0x8 ../DaisyExamples/libDaisy//build/libdaisy.a(usbh_core.o)
                0x000000000800e3ec                USBH_LL_PortEnabled
 .text.USBH_LL_PortDisabled
                0x000000000800e3f4        0x8 ../DaisyExamples/libDaisy//build/libdaisy.a(usbh_core.o)
                0x000000000800e3f4                USBH_LL_PortDisabled
 .text.USBH_LL_Connect
                0x000000000800e3fc       0x18 ../DaisyExamples/libDaisy//build/libdaisy.a(usbh_core.o)
                0x000000000800e3fc                USBH_LL_Connect
 .text.USBH_LL_Disconnect
                0x000000000800e414       0x2c ../DaisyExamples/libDaisy//build/libdaisy.a(usbh_core.o)
                0x000000000800e414                USBH_LL_Disconnect
 .text.USBH_FreePipe
                0x000000000800e440       0x18 ../DaisyExamples/libDaisy//build/libdaisy.a(usbh_pipes.o)
                0x000000000800e440                USBH_FreePipe
 .text._ZN5daisy6Random4InitEv
                0x000000000800e458       0x3c ../DaisyExamples/libDaisy//build/libdaisy.a(rng.o)
                0x000000000800e458                daisy::Random::Init()
 .text._ZN5daisy9SpiHandle4Impl7InitDmaEv
                0x000000000800e494       0xec ../DaisyExamples/libDaisy//build/libdaisy.a(spi.o)
                0x000000000800e494                daisy::SpiHandle::Impl::InitDma()
 .text._ZN5daisy9SpiHandle4Impl10StartDmaTxEPhjPFvPvEPFvS3_NS0_6ResultEES3_
                0x000000000800e580       0xc8 ../DaisyExamples/libDaisy//build/libdaisy.a(spi.o)
                0x000000000800e580                daisy::SpiHandle::Impl::StartDmaTx(unsigned char*, unsigned int, void (*)(void*), void (*)(void*, daisy::SpiHandle::Result), void*)
 .text._ZN5daisy9SpiHandle4Impl10StartDmaRxEPhjPFvPvEPFvS3_NS0_6ResultEES3_
                0x000000000800e648       0xc8 ../DaisyExamples/libDaisy//build/libdaisy.a(spi.o)
                0x000000000800e648                daisy::SpiHandle::Impl::StartDmaRx(unsigned char*, unsigned int, void (*)(void*), void (*)(void*, daisy::SpiHandle::Result), void*)
 .text._ZN5daisy9SpiHandle4Impl12StartDmaRxTxEPhS2_jPFvPvEPFvS3_NS0_6ResultEES3_
                0x000000000800e710       0xcc ../DaisyExamples/libDaisy//build/libdaisy.a(spi.o)
                0x000000000800e710                daisy::SpiHandle::Impl::StartDmaRxTx(unsigned char*, unsigned char*, unsigned int, void (*)(void*), void (*)(void*, daisy::SpiHandle::Result), void*)
 .text._ZN5daisy9SpiHandle4Impl8InitPinsEv
                0x000000000800e7dc      0x274 ../DaisyExamples/libDaisy//build/libdaisy.a(spi.o)
                0x000000000800e7dc                daisy::SpiHandle::Impl::InitPins()
 .text.HAL_SPI_MspInit
                0x000000000800ea50      0x1a8 ../DaisyExamples/libDaisy//build/libdaisy.a(spi.o)
                0x000000000800ea50                HAL_SPI_MspInit
 .text.dsy_spi_global_init
                0x000000000800ebf8       0x80 ../DaisyExamples/libDaisy//build/libdaisy.a(spi.o)
                0x000000000800ebf8                dsy_spi_global_init
 .text.SPI1_IRQHandler
                0x000000000800ec78        0xc ../DaisyExamples/libDaisy//build/libdaisy.a(spi.o)
                0x000000000800ec78                SPI1_IRQHandler
 .text.SPI2_IRQHandler
                0x000000000800ec84        0xc ../DaisyExamples/libDaisy//build/libdaisy.a(spi.o)
                0x000000000800ec84                SPI2_IRQHandler
 .text.SPI3_IRQHandler
                0x000000000800ec90        0xc ../DaisyExamples/libDaisy//build/libdaisy.a(spi.o)
                0x000000000800ec90                SPI3_IRQHandler
 .text.SPI4_IRQHandler
                0x000000000800ec9c        0xc ../DaisyExamples/libDaisy//build/libdaisy.a(spi.o)
                0x000000000800ec9c                SPI4_IRQHandler
 .text.SPI5_IRQHandler
                0x000000000800eca8        0xc ../DaisyExamples/libDaisy//build/libdaisy.a(spi.o)
                0x000000000800eca8                SPI5_IRQHandler
 .text.DMA2_Stream2_IRQHandler
                0x000000000800ecb4       0x34 ../DaisyExamples/libDaisy//build/libdaisy.a(spi.o)
                0x000000000800ecb4                DMA2_Stream2_IRQHandler
 .text.DMA2_Stream3_IRQHandler
                0x000000000800ece8       0x38 ../DaisyExamples/libDaisy//build/libdaisy.a(spi.o)
                0x000000000800ece8                DMA2_Stream3_IRQHandler
 .text.HAL_SPI_TxCpltCallback